---
http_interactions:
- request:
    method: post
    uri: https://api.stripe.com/v1/payment_methods
    body:
      encoding: UTF-8
      string: type=card&card[number]=4242424242424242&card[exp_month]=12&card[exp_year]=2025&card[cvc]=314
    headers:
      User-Agent:
      - Stripe/v1 RubyBindings/10.5.0
      Authorization:
      - Bearer <HIDDEN_KEY>
      Content-Type:
      - application/x-www-form-urlencoded
      X-Stripe-Client-Telemetry:
      - '{"last_request_metrics":{"request_id":"req_qKekqbhgS4BwMf","request_duration_ms":1}}'
      Stripe-Version:
      - '2023-10-16'
      X-Stripe-Client-User-Agent:
      - '{"bindings_version":"10.5.0","lang":"ruby","lang_version":"3.1.4 p223 (2023-03-30)","platform":"x86_64-darwin19","engine":"ruby","publisher":"stripe","uname":"Darwin
        MacBook-Pro.local 23.2.0 Darwin Kernel Version 23.2.0: Wed Nov 15 21:54:10
        PST 2023; root:xnu-10002.61.3~2/RELEASE_X86_64 x86_64","hostname":"MacBook-Pro.local"}'
      Accept-Encoding:
      - gzip;q=1.0,deflate;q=0.6,identity;q=0.3
      Accept:
      - "*/*"
  response:
    status:
      code: 200
      message: OK
    headers:
      Server:
      - nginx
      Date:
      - Thu, 11 Jan 2024 23:09:54 GMT
      Content-Type:
      - application/json
      Content-Length:
      - '931'
      Connection:
      - keep-alive
      Access-Control-Allow-Credentials:
      - 'true'
      Access-Control-Allow-Methods:
      - GET,HEAD,PUT,PATCH,POST,DELETE
      Access-Control-Allow-Origin:
      - "*"
      Access-Control-Expose-Headers:
      - Request-Id, Stripe-Manage-Version, Stripe-Should-Retry, X-Stripe-External-Auth-Required,
        X-Stripe-Privileged-Session-Required
      Access-Control-Max-Age:
      - '300'
      Cache-Control:
      - no-cache, no-store
      Content-Security-Policy:
      - report-uri https://q.stripe.com/csp-report?p=v1%2Fpayment_methods; block-all-mixed-content;
        default-src 'none'; base-uri 'none'; form-action 'none'; frame-ancestors 'none';
        img-src 'self'; script-src 'self' 'report-sample'; style-src 'self'
      Idempotency-Key:
      - fcb9db3b-8746-49c0-b53b-3fbf31d01ad3
      Original-Request:
      - req_MD2WK24AloyQ8W
      Request-Id:
      - req_MD2WK24AloyQ8W
      Stripe-Should-Retry:
      - 'false'
      Stripe-Version:
      - '2023-10-16'
      Vary:
      - Origin
      X-Stripe-Routing-Context-Priority-Tier:
      - api-testmode
      Strict-Transport-Security:
      - max-age=63072000; includeSubDomains; preload
    body:
      encoding: UTF-8
      string: |-
        {
          "id": "pm_1OXXNmKuuB1fWySnZO0BSVsr",
          "object": "payment_method",
          "billing_details": {
            "address": {
              "city": null,
              "country": null,
              "line1": null,
              "line2": null,
              "postal_code": null,
              "state": null
            },
            "email": null,
            "name": null,
            "phone": null
          },
          "card": {
            "brand": "visa",
            "checks": {
              "address_line1_check": null,
              "address_postal_code_check": null,
              "cvc_check": "unchecked"
            },
            "country": "US",
            "exp_month": 12,
            "exp_year": 2025,
            "fingerprint": "6E6tgVjx6U65iHFV",
            "funding": "credit",
            "generated_from": null,
            "last4": "4242",
            "networks": {
              "available": [
                "visa"
              ],
              "preferred": null
            },
            "three_d_secure_usage": {
              "supported": true
            },
            "wallet": null
          },
          "created": 1705014594,
          "customer": null,
          "livemode": false,
          "metadata": {},
          "type": "card"
        }
  recorded_at: Thu, 11 Jan 2024 23:09:54 GMT
- request:
    method: post
    uri: https://api.stripe.com/v1/payment_intents
    body:
      encoding: UTF-8
      string: amount=1000&currency=aud&payment_method=pm_1OXXNmKuuB1fWySnZO0BSVsr&payment_method_types[0]=card&capture_method=manual
    headers:
      User-Agent:
      - Stripe/v1 RubyBindings/10.5.0
      Authorization:
      - Bearer <HIDDEN_KEY>
      Content-Type:
      - application/x-www-form-urlencoded
      X-Stripe-Client-Telemetry:
      - '{"last_request_metrics":{"request_id":"req_MD2WK24AloyQ8W","request_duration_ms":466}}'
      Stripe-Version:
      - '2023-10-16'
      X-Stripe-Client-User-Agent:
      - '{"bindings_version":"10.5.0","lang":"ruby","lang_version":"3.1.4 p223 (2023-03-30)","platform":"x86_64-darwin19","engine":"ruby","publisher":"stripe","uname":"Darwin
        MacBook-Pro.local 23.2.0 Darwin Kernel Version 23.2.0: Wed Nov 15 21:54:10
        PST 2023; root:xnu-10002.61.3~2/RELEASE_X86_64 x86_64","hostname":"MacBook-Pro.local"}'
      Accept-Encoding:
      - gzip;q=1.0,deflate;q=0.6,identity;q=0.3
      Accept:
      - "*/*"
  response:
    status:
      code: 200
      message: OK
    headers:
      Server:
      - nginx
      Date:
      - Thu, 11 Jan 2024 23:09:55 GMT
      Content-Type:
      - application/json
      Content-Length:
      - '1344'
      Connection:
      - keep-alive
      Access-Control-Allow-Credentials:
      - 'true'
      Access-Control-Allow-Methods:
      - GET,HEAD,PUT,PATCH,POST,DELETE
      Access-Control-Allow-Origin:
      - "*"
      Access-Control-Expose-Headers:
      - Request-Id, Stripe-Manage-Version, Stripe-Should-Retry, X-Stripe-External-Auth-Required,
        X-Stripe-Privileged-Session-Required
      Access-Control-Max-Age:
      - '300'
      Cache-Control:
      - no-cache, no-store
      Content-Security-Policy:
      - report-uri https://q.stripe.com/csp-report?p=v1%2Fpayment_intents; block-all-mixed-content;
        default-src 'none'; base-uri 'none'; form-action 'none'; frame-ancestors 'none';
        img-src 'self'; script-src 'self' 'report-sample'; style-src 'self'
      Idempotency-Key:
      - d6af071b-271e-481b-8800-7fbd2e80af64
      Original-Request:
      - req_jHGFvdPqSDyo7k
      Request-Id:
      - req_jHGFvdPqSDyo7k
      Stripe-Should-Retry:
      - 'false'
      Stripe-Version:
      - '2023-10-16'
      Vary:
      - Origin
      X-Stripe-Routing-Context-Priority-Tier:
      - api-testmode
      Strict-Transport-Security:
      - max-age=63072000; includeSubDomains; preload
    body:
      encoding: UTF-8
      string: |-
        {
          "id": "pi_3OXXNmKuuB1fWySn12CG6BaV",
          "object": "payment_intent",
          "amount": 1000,
          "amount_capturable": 0,
          "amount_details": {
            "tip": {}
          },
          "amount_received": 0,
          "application": null,
          "application_fee_amount": null,
          "automatic_payment_methods": null,
          "canceled_at": null,
          "cancellation_reason": null,
          "capture_method": "manual",
          "client_secret": "pi_3OXXNmKuuB1fWySn12CG6BaV_secret_cZFrzud6gdZlJxzTc4r2kMeTd",
          "confirmation_method": "automatic",
          "created": 1705014594,
          "currency": "aud",
          "customer": null,
          "description": null,
          "invoice": null,
          "last_payment_error": null,
          "latest_charge": null,
          "livemode": false,
          "metadata": {},
          "next_action": null,
          "on_behalf_of": null,
          "payment_method": "pm_1OXXNmKuuB1fWySnZO0BSVsr",
          "payment_method_configuration_details": null,
          "payment_method_options": {
            "card": {
              "installments": null,
              "mandate_options": null,
              "network": null,
              "request_three_d_secure": "automatic"
            }
          },
          "payment_method_types": [
            "card"
          ],
          "processing": null,
          "receipt_email": null,
          "review": null,
          "setup_future_usage": null,
          "shipping": null,
          "source": null,
          "statement_descriptor": null,
          "statement_descriptor_suffix": null,
          "status": "requires_confirmation",
          "transfer_data": null,
          "transfer_group": null
        }
  recorded_at: Thu, 11 Jan 2024 23:09:54 GMT
- request:
    method: post
    uri: https://api.stripe.com/v1/payment_intents/pi_3OXXNmKuuB1fWySn12CG6BaV/confirm
    body:
      encoding: US-ASCII
      string: ''
    headers:
      User-Agent:
      - Stripe/v1 RubyBindings/10.5.0
      Authorization:
      - Bearer <HIDDEN_KEY>
      Content-Type:
      - application/x-www-form-urlencoded
      X-Stripe-Client-Telemetry:
      - '{"last_request_metrics":{"request_id":"req_jHGFvdPqSDyo7k","request_duration_ms":396}}'
      Stripe-Version:
      - '2023-10-16'
      X-Stripe-Client-User-Agent:
      - '{"bindings_version":"10.5.0","lang":"ruby","lang_version":"3.1.4 p223 (2023-03-30)","platform":"x86_64-darwin19","engine":"ruby","publisher":"stripe","uname":"Darwin
        MacBook-Pro.local 23.2.0 Darwin Kernel Version 23.2.0: Wed Nov 15 21:54:10
        PST 2023; root:xnu-10002.61.3~2/RELEASE_X86_64 x86_64","hostname":"MacBook-Pro.local"}'
      Accept-Encoding:
      - gzip;q=1.0,deflate;q=0.6,identity;q=0.3
      Accept:
      - "*/*"
  response:
    status:
      code: 200
      message: OK
    headers:
      Server:
      - nginx
      Date:
      - Thu, 11 Jan 2024 23:09:55 GMT
      Content-Type:
      - application/json
      Content-Length:
      - '1367'
      Connection:
      - keep-alive
      Access-Control-Allow-Credentials:
      - 'true'
      Access-Control-Allow-Methods:
      - GET,HEAD,PUT,PATCH,POST,DELETE
      Access-Control-Allow-Origin:
      - "*"
      Access-Control-Expose-Headers:
      - Request-Id, Stripe-Manage-Version, Stripe-Should-Retry, X-Stripe-External-Auth-Required,
        X-Stripe-Privileged-Session-Required
      Access-Control-Max-Age:
      - '300'
      Cache-Control:
      - no-cache, no-store
      Content-Security-Policy:
      - report-uri https://q.stripe.com/csp-report?p=v1%2Fpayment_intents%2F%3Aintent%2Fconfirm;
        block-all-mixed-content; default-src 'none'; base-uri 'none'; form-action
        'none'; frame-ancestors 'none'; img-src 'self'; script-src 'self' 'report-sample';
        style-src 'self'
      Idempotency-Key:
      - a0982880-e840-4a1b-aec6-175452cd3f91
      Original-Request:
      - req_npkdHxJ0vgPM8s
      Request-Id:
      - req_npkdHxJ0vgPM8s
      Stripe-Should-Retry:
      - 'false'
      Stripe-Version:
      - '2023-10-16'
      Vary:
      - Origin
      X-Stripe-Routing-Context-Priority-Tier:
      - api-testmode
      Strict-Transport-Security:
      - max-age=63072000; includeSubDomains; preload
    body:
      encoding: UTF-8
      string: |-
        {
          "id": "pi_3OXXNmKuuB1fWySn12CG6BaV",
          "object": "payment_intent",
          "amount": 1000,
          "amount_capturable": 1000,
          "amount_details": {
            "tip": {}
          },
          "amount_received": 0,
          "application": null,
          "application_fee_amount": null,
          "automatic_payment_methods": null,
          "canceled_at": null,
          "cancellation_reason": null,
          "capture_method": "manual",
          "client_secret": "pi_3OXXNmKuuB1fWySn12CG6BaV_secret_cZFrzud6gdZlJxzTc4r2kMeTd",
          "confirmation_method": "automatic",
          "created": 1705014594,
          "currency": "aud",
          "customer": null,
          "description": null,
          "invoice": null,
          "last_payment_error": null,
          "latest_charge": "ch_3OXXNmKuuB1fWySn15s0SXDM",
          "livemode": false,
          "metadata": {},
          "next_action": null,
          "on_behalf_of": null,
          "payment_method": "pm_1OXXNmKuuB1fWySnZO0BSVsr",
          "payment_method_configuration_details": null,
          "payment_method_options": {
            "card": {
              "installments": null,
              "mandate_options": null,
              "network": null,
              "request_three_d_secure": "automatic"
            }
          },
          "payment_method_types": [
            "card"
          ],
          "processing": null,
          "receipt_email": null,
          "review": null,
          "setup_future_usage": null,
          "shipping": null,
          "source": null,
          "statement_descriptor": null,
          "statement_descriptor_suffix": null,
          "status": "requires_capture",
          "transfer_data": null,
          "transfer_group": null
        }
  recorded_at: Thu, 11 Jan 2024 23:09:55 GMT
- request:
    method: get
    uri: https://api.stripe.com/v1/payment_intents/pi_3OXXNmKuuB1fWySn12CG6BaV
    body:
      encoding: US-ASCII
      string: ''
    headers:
      User-Agent:
      - Stripe/v1 RubyBindings/10.5.0
      Authorization:
      - Bearer <HIDDEN_KEY>
      Content-Type:
      - application/x-www-form-urlencoded
      X-Stripe-Client-Telemetry:
      - '{"last_request_metrics":{"request_id":"req_npkdHxJ0vgPM8s","request_duration_ms":874}}'
      Stripe-Version:
      - '2023-10-16'
      X-Stripe-Client-User-Agent:
      - '{"bindings_version":"10.5.0","lang":"ruby","lang_version":"3.1.4 p223 (2023-03-30)","platform":"x86_64-darwin19","engine":"ruby","publisher":"stripe","uname":"Darwin
        MacBook-Pro.local 23.2.0 Darwin Kernel Version 23.2.0: Wed Nov 15 21:54:10
        PST 2023; root:xnu-10002.61.3~2/RELEASE_X86_64 x86_64","hostname":"MacBook-Pro.local"}'
      Accept-Encoding:
      - gzip;q=1.0,deflate;q=0.6,identity;q=0.3
      Accept:
      - "*/*"
  response:
    status:
      code: 200
      message: OK
    headers:
      Server:
      - nginx
      Date:
      - Thu, 11 Jan 2024 23:09:58 GMT
      Content-Type:
      - application/json
      Content-Length:
      - '1367'
      Connection:
      - keep-alive
      Access-Control-Allow-Credentials:
      - 'true'
      Access-Control-Allow-Methods:
      - GET,HEAD,PUT,PATCH,POST,DELETE
      Access-Control-Allow-Origin:
      - "*"
      Access-Control-Expose-Headers:
      - Request-Id, Stripe-Manage-Version, Stripe-Should-Retry, X-Stripe-External-Auth-Required,
        X-Stripe-Privileged-Session-Required
      Access-Control-Max-Age:
      - '300'
      Cache-Control:
      - no-cache, no-store
      Content-Security-Policy:
      - report-uri https://q.stripe.com/csp-report?p=v1%2Fpayment_intents%2F%3Aintent;
        block-all-mixed-content; default-src 'none'; base-uri 'none'; form-action
        'none'; frame-ancestors 'none'; img-src 'self'; script-src 'self' 'report-sample';
        style-src 'self'
      Request-Id:
      - req_oAflzFoMJRifnd
      Stripe-Version:
      - '2023-10-16'
      Vary:
      - Origin
      X-Stripe-Routing-Context-Priority-Tier:
      - api-testmode
      Strict-Transport-Security:
      - max-age=63072000; includeSubDomains; preload
    body:
      encoding: UTF-8
      string: |-
        {
          "id": "pi_3OXXNmKuuB1fWySn12CG6BaV",
          "object": "payment_intent",
          "amount": 1000,
          "amount_capturable": 1000,
          "amount_details": {
            "tip": {}
          },
          "amount_received": 0,
          "application": null,
          "application_fee_amount": null,
          "automatic_payment_methods": null,
          "canceled_at": null,
          "cancellation_reason": null,
          "capture_method": "manual",
          "client_secret": "pi_3OXXNmKuuB1fWySn12CG6BaV_secret_cZFrzud6gdZlJxzTc4r2kMeTd",
          "confirmation_method": "automatic",
          "created": 1705014594,
          "currency": "aud",
          "customer": null,
          "description": null,
          "invoice": null,
          "last_payment_error": null,
          "latest_charge": "ch_3OXXNmKuuB1fWySn15s0SXDM",
          "livemode": false,
          "metadata": {},
          "next_action": null,
          "on_behalf_of": null,
          "payment_method": "pm_1OXXNmKuuB1fWySnZO0BSVsr",
          "payment_method_configuration_details": null,
          "payment_method_options": {
            "card": {
              "installments": null,
              "mandate_options": null,
              "network": null,
              "request_three_d_secure": "automatic"
            }
          },
          "payment_method_types": [
            "card"
          ],
          "processing": null,
          "receipt_email": null,
          "review": null,
          "setup_future_usage": null,
          "shipping": null,
          "source": null,
          "statement_descriptor": null,
          "statement_descriptor_suffix": null,
          "status": "requires_capture",
          "transfer_data": null,
          "transfer_group": null
        }
  recorded_at: Thu, 11 Jan 2024 23:09:57 GMT
- request:
    method: post
    uri: https://api.stripe.com/v1/payment_intents/pi_3OXXNmKuuB1fWySn12CG6BaV/capture
    body:
      encoding: UTF-8
      string: amount_to_capture=1000
    headers:
      Content-Type:
      - application/x-www-form-urlencoded
      Authorization:
      - Basic c2tfdGVzdF94RmdKUU9sWHBNQUZzb3p0endGQlRGaFAwMEhHN0J1Q0ptOg==
      User-Agent:
      - Stripe/v1 ActiveMerchantBindings/1.123.0
      Stripe-Version:
      - '2019-05-16'
      X-Stripe-Client-User-Agent:
      - '{"bindings_version":"1.123.0","lang":"ruby","lang_version":"3.1.4 p223 (2023-03-30)","platform":"x86_64-darwin19","publisher":"active_merchant"}'
      X-Stripe-Client-User-Metadata:
      - '{"ip":null}'
      Connection:
      - close
      Accept-Encoding:
      - gzip;q=1.0,deflate;q=0.6,identity;q=0.3
      Accept:
      - "*/*"
  response:
    status:
      code: 200
      message: OK
    headers:
      Server:
      - nginx
      Date:
      - Thu, 11 Jan 2024 23:09:59 GMT
      Content-Type:
      - application/json
      Content-Length:
      - '5122'
      Connection:
      - close
      Access-Control-Allow-Credentials:
      - 'true'
      Access-Control-Allow-Methods:
      - GET,HEAD,PUT,PATCH,POST,DELETE
      Access-Control-Allow-Origin:
      - "*"
      Access-Control-Expose-Headers:
      - Request-Id, Stripe-Manage-Version, Stripe-Should-Retry, X-Stripe-External-Auth-Required,
        X-Stripe-Privileged-Session-Required
      Access-Control-Max-Age:
      - '300'
      Cache-Control:
      - no-cache, no-store
      Content-Security-Policy:
      - report-uri https://q.stripe.com/csp-report?p=v1%2Fpayment_intents%2F%3Aintent%2Fcapture;
        block-all-mixed-content; default-src 'none'; base-uri 'none'; form-action
        'none'; frame-ancestors 'none'; img-src 'self'; script-src 'self' 'report-sample';
        style-src 'self'
      Idempotency-Key:
      - 7ec58fc0-120f-4873-9a9c-169f06ef3527
      Original-Request:
      - req_7uyizH0uwFD5kl
      Request-Id:
      - req_7uyizH0uwFD5kl
      Stripe-Should-Retry:
      - 'false'
      Stripe-Version:
      - '2019-05-16'
      Vary:
      - Origin
      X-Stripe-Routing-Context-Priority-Tier:
      - api-testmode
      Strict-Transport-Security:
      - max-age=63072000; includeSubDomains; preload
    body:
      encoding: UTF-8
      string: |-
        {
          "id": "pi_3OXXNmKuuB1fWySn12CG6BaV",
          "object": "payment_intent",
          "amount": 1000,
          "amount_capturable": 0,
          "amount_details": {
            "tip": {}
          },
          "amount_received": 1000,
          "application": null,
          "application_fee_amount": null,
          "automatic_payment_methods": null,
          "canceled_at": null,
          "cancellation_reason": null,
          "capture_method": "manual",
          "charges": {
            "object": "list",
            "data": [
              {
                "id": "ch_3OXXNmKuuB1fWySn15s0SXDM",
                "object": "charge",
                "amount": 1000,
                "amount_captured": 1000,
                "amount_refunded": 0,
                "application": null,
                "application_fee": null,
                "application_fee_amount": null,
                "balance_transaction": "txn_3OXXNmKuuB1fWySn1x3pel1G",
                "billing_details": {
                  "address": {
                    "city": null,
                    "country": null,
                    "line1": null,
                    "line2": null,
                    "postal_code": null,
                    "state": null
                  },
                  "email": null,
                  "name": null,
                  "phone": null
                },
                "calculated_statement_descriptor": "OFNOFNOFN",
                "captured": true,
                "created": 1705014595,
                "currency": "aud",
                "customer": null,
                "description": null,
                "destination": null,
                "dispute": null,
                "disputed": false,
                "failure_balance_transaction": null,
                "failure_code": null,
                "failure_message": null,
                "fraud_details": {},
                "invoice": null,
                "livemode": false,
                "metadata": {},
                "on_behalf_of": null,
                "order": null,
                "outcome": {
                  "network_status": "approved_by_network",
                  "reason": null,
                  "risk_level": "normal",
                  "risk_score": 44,
                  "seller_message": "Payment complete.",
                  "type": "authorized"
                },
                "paid": true,
                "payment_intent": "pi_3OXXNmKuuB1fWySn12CG6BaV",
                "payment_method": "pm_1OXXNmKuuB1fWySnZO0BSVsr",
                "payment_method_details": {
                  "card": {
                    "amount_authorized": 1000,
                    "brand": "visa",
                    "capture_before": 1705619395,
                    "checks": {
                      "address_line1_check": null,
                      "address_postal_code_check": null,
                      "cvc_check": "pass"
                    },
                    "country": "US",
                    "exp_month": 12,
                    "exp_year": 2025,
                    "extended_authorization": {
                      "status": "disabled"
                    },
                    "fingerprint": "6E6tgVjx6U65iHFV",
                    "funding": "credit",
                    "incremental_authorization": {
                      "status": "unavailable"
                    },
                    "installments": null,
                    "last4": "4242",
                    "mandate": null,
                    "multicapture": {
                      "status": "unavailable"
                    },
                    "network": "visa",
                    "network_token": {
                      "used": false
                    },
                    "overcapture": {
                      "maximum_amount_capturable": 1000,
                      "status": "unavailable"
                    },
                    "three_d_secure": null,
                    "wallet": null
                  },
                  "type": "card"
                },
                "radar_options": {},
                "receipt_email": null,
                "receipt_number": null,
                "receipt_url": "https://pay.stripe.com/receipts/payment/CAcaFwoVYWNjdF8xRmlxRXNLdXVCMWZXeVNuKMfqga0GMgbLBiokCUA6LBbha0unewughYfePcKrHjN_p_VR2PsoJPCiJzWabD3IocdZAv1JohjyKSjP",
                "refunded": false,
                "refunds": {
                  "object": "list",
                  "data": [],
                  "has_more": false,
                  "total_count": 0,
                  "url": "/v1/charges/ch_3OXXNmKuuB1fWySn15s0SXDM/refunds"
                },
                "review": null,
                "shipping": null,
                "source": null,
                "source_transfer": null,
                "statement_descriptor": null,
                "statement_descriptor_suffix": null,
                "status": "succeeded",
                "transfer_data": null,
                "transfer_group": null
              }
            ],
            "has_more": false,
            "total_count": 1,
            "url": "/v1/charges?payment_intent=pi_3OXXNmKuuB1fWySn12CG6BaV"
          },
          "client_secret": "pi_3OXXNmKuuB1fWySn12CG6BaV_secret_cZFrzud6gdZlJxzTc4r2kMeTd",
          "confirmation_method": "automatic",
          "created": 1705014594,
          "currency": "aud",
          "customer": null,
          "description": null,
          "invoice": null,
          "last_payment_error": null,
          "latest_charge": "ch_3OXXNmKuuB1fWySn15s0SXDM",
          "livemode": false,
          "metadata": {},
          "next_action": null,
          "on_behalf_of": null,
          "payment_method": "pm_1OXXNmKuuB1fWySnZO0BSVsr",
          "payment_method_configuration_details": null,
          "payment_method_options": {
            "card": {
              "installments": null,
              "mandate_options": null,
              "network": null,
              "request_three_d_secure": "automatic"
            }
          },
          "payment_method_types": [
            "card"
          ],
          "processing": null,
          "receipt_email": null,
          "review": null,
          "setup_future_usage": null,
          "shipping": null,
          "source": null,
          "statement_descriptor": null,
          "statement_descriptor_suffix": null,
          "status": "succeeded",
          "transfer_data": null,
          "transfer_group": null
        }
  recorded_at: Thu, 11 Jan 2024 23:09:58 GMT
recorded_with: VCR 6.2.0
