---
http_interactions:
- request:
    method: post
    uri: https://api.stripe.com/v1/payment_methods
    body:
      encoding: UTF-8
      string: type=card&card[number]=4242424242424242&card[exp_month]=8&card[exp_year]=2025&card[cvc]=314
    headers:
      User-Agent:
      - Stripe/v1 RubyBindings/10.6.0
      Authorization:
      - Bearer <HIDDEN-STRIPE_INSTANCE_SECRET_KEY>
      Content-Type:
      - application/x-www-form-urlencoded
      X-Stripe-Client-Telemetry:
      - '{"last_request_metrics":{"request_id":"req_MxH0xDEsRbBVXZ","request_duration_ms":415}}'
      Stripe-Version:
      - '2023-10-16'
      X-Stripe-Client-User-Agent:
      - '{"bindings_version":"10.6.0","lang":"ruby","lang_version":"3.1.4 p223 (2023-03-30)","platform":"x86_64-darwin19","engine":"ruby","publisher":"stripe","uname":"Darwin
        MacBook-Pro.local 23.3.0 Darwin Kernel Version 23.3.0: Wed Dec 20 21:28:58
        PST 2023; root:xnu-10002.81.5~7/RELEASE_X86_64 x86_64","hostname":"MacBook-Pro.local"}'
      Accept-Encoding:
      - gzip;q=1.0,deflate;q=0.6,identity;q=0.3
      Accept:
      - "*/*"
  response:
    status:
      code: 200
      message: OK
    headers:
      Server:
      - nginx
      Date:
      - Tue, 06 Feb 2024 22:47:07 GMT
      Content-Type:
      - application/json
      Content-Length:
      - '930'
      Connection:
      - keep-alive
      Access-Control-Allow-Credentials:
      - 'true'
      Access-Control-Allow-Methods:
      - GET,HEAD,PUT,PATCH,POST,DELETE
      Access-Control-Allow-Origin:
      - "*"
      Access-Control-Expose-Headers:
      - Request-Id, Stripe-Manage-Version, Stripe-Should-Retry, X-Stripe-External-Auth-Required,
        X-Stripe-Privileged-Session-Required
      Access-Control-Max-Age:
      - '300'
      Cache-Control:
      - no-cache, no-store
      Content-Security-Policy:
      - report-uri https://q.stripe.com/csp-report?p=v1%2Fpayment_methods; block-all-mixed-content;
        default-src 'none'; base-uri 'none'; form-action 'none'; frame-ancestors 'none';
        img-src 'self'; script-src 'self' 'report-sample'; style-src 'self'
      Idempotency-Key:
      - 929f5fb1-3857-4a74-836d-cc7e887bf370
      Original-Request:
      - req_zUdSkAB84XmhM5
      Request-Id:
      - req_zUdSkAB84XmhM5
      Stripe-Should-Retry:
      - 'false'
      Stripe-Version:
      - '2023-10-16'
      Vary:
      - Origin
      X-Stripe-Non-Api-Overhead-Duration-Ms:
      - '211.0'
      X-Stripe-Routing-Context-Priority-Tier:
      - api-testmode
      Strict-Transport-Security:
      - max-age=63072000; includeSubDomains; preload
    body:
      encoding: UTF-8
      string: |-
        {
          "id": "pm_1OgxPzKuuB1fWySnapiqGLnn",
          "object": "payment_method",
          "billing_details": {
            "address": {
              "city": null,
              "country": null,
              "line1": null,
              "line2": null,
              "postal_code": null,
              "state": null
            },
            "email": null,
            "name": null,
            "phone": null
          },
          "card": {
            "brand": "visa",
            "checks": {
              "address_line1_check": null,
              "address_postal_code_check": null,
              "cvc_check": "unchecked"
            },
            "country": "US",
            "exp_month": 8,
            "exp_year": 2025,
            "fingerprint": "6E6tgVjx6U65iHFV",
            "funding": "credit",
            "generated_from": null,
            "last4": "4242",
            "networks": {
              "available": [
                "visa"
              ],
              "preferred": null
            },
            "three_d_secure_usage": {
              "supported": true
            },
            "wallet": null
          },
          "created": 1707259627,
          "customer": null,
          "livemode": false,
          "metadata": {},
          "type": "card"
        }
  recorded_at: Tue, 06 Feb 2024 22:47:07 GMT
- request:
    method: post
    uri: https://api.stripe.com/v1/customers
    body:
      encoding: UTF-8
      string: name=Apple+Customer&email=applecustomer%40example.com
    headers:
      User-Agent:
      - Stripe/v1 RubyBindings/10.6.0
      Authorization:
      - Bearer <HIDDEN-STRIPE_INSTANCE_SECRET_KEY>
      Content-Type:
      - application/x-www-form-urlencoded
      X-Stripe-Client-Telemetry:
      - '{"last_request_metrics":{"request_id":"req_zUdSkAB84XmhM5","request_duration_ms":424}}'
      Stripe-Version:
      - '2023-10-16'
      X-Stripe-Client-User-Agent:
      - '{"bindings_version":"10.6.0","lang":"ruby","lang_version":"3.1.4 p223 (2023-03-30)","platform":"x86_64-darwin19","engine":"ruby","publisher":"stripe","uname":"Darwin
        MacBook-Pro.local 23.3.0 Darwin Kernel Version 23.3.0: Wed Dec 20 21:28:58
        PST 2023; root:xnu-10002.81.5~7/RELEASE_X86_64 x86_64","hostname":"MacBook-Pro.local"}'
      Accept-Encoding:
      - gzip;q=1.0,deflate;q=0.6,identity;q=0.3
      Accept:
      - "*/*"
  response:
    status:
      code: 200
      message: OK
    headers:
      Server:
      - nginx
      Date:
      - Tue, 06 Feb 2024 22:47:08 GMT
      Content-Type:
      - application/json
      Content-Length:
      - '649'
      Connection:
      - keep-alive
      Access-Control-Allow-Credentials:
      - 'true'
      Access-Control-Allow-Methods:
      - GET,HEAD,PUT,PATCH,POST,DELETE
      Access-Control-Allow-Origin:
      - "*"
      Access-Control-Expose-Headers:
      - Request-Id, Stripe-Manage-Version, Stripe-Should-Retry, X-Stripe-External-Auth-Required,
        X-Stripe-Privileged-Session-Required
      Access-Control-Max-Age:
      - '300'
      Cache-Control:
      - no-cache, no-store
      Content-Security-Policy:
      - report-uri https://q.stripe.com/csp-report?p=v1%2Fcustomers; block-all-mixed-content;
        default-src 'none'; base-uri 'none'; form-action 'none'; frame-ancestors 'none';
        img-src 'self'; script-src 'self' 'report-sample'; style-src 'self'
      Idempotency-Key:
      - 32fa7c4b-5f51-4eec-b6f1-dec088dff0a8
      Original-Request:
      - req_L18YmbCQhd03Ou
      Request-Id:
      - req_L18YmbCQhd03Ou
      Stripe-Should-Retry:
      - 'false'
      Stripe-Version:
      - '2023-10-16'
      Vary:
      - Origin
      X-Stripe-Non-Api-Overhead-Duration-Ms:
      - '219.0'
      X-Stripe-Routing-Context-Priority-Tier:
      - api-testmode
      Strict-Transport-Security:
      - max-age=63072000; includeSubDomains; preload
    body:
      encoding: UTF-8
      string: |-
        {
          "id": "cus_PVzO0bgkgqaEE4",
          "object": "customer",
          "address": null,
          "balance": 0,
          "created": 1707259628,
          "currency": null,
          "default_source": null,
          "delinquent": false,
          "description": null,
          "discount": null,
          "email": "applecustomer@example.com",
          "invoice_prefix": "2AC1DA46",
          "invoice_settings": {
            "custom_fields": null,
            "default_payment_method": null,
            "footer": null,
            "rendering_options": null
          },
          "livemode": false,
          "metadata": {},
          "name": "Apple Customer",
          "next_invoice_sequence": 1,
          "phone": null,
          "preferred_locales": [],
          "shipping": null,
          "tax_exempt": "none",
          "test_clock": null
        }
  recorded_at: Tue, 06 Feb 2024 22:47:08 GMT
- request:
    method: post
    uri: https://api.stripe.com/v1/payment_methods/pm_1OgxPzKuuB1fWySnapiqGLnn/attach
    body:
      encoding: UTF-8
      string: customer=cus_PVzO0bgkgqaEE4
    headers:
      User-Agent:
      - Stripe/v1 RubyBindings/10.6.0
      Authorization:
      - Bearer <HIDDEN-STRIPE_INSTANCE_SECRET_KEY>
      Content-Type:
      - application/x-www-form-urlencoded
      X-Stripe-Client-Telemetry:
      - '{"last_request_metrics":{"request_id":"req_L18YmbCQhd03Ou","request_duration_ms":416}}'
      Stripe-Version:
      - '2023-10-16'
      X-Stripe-Client-User-Agent:
      - '{"bindings_version":"10.6.0","lang":"ruby","lang_version":"3.1.4 p223 (2023-03-30)","platform":"x86_64-darwin19","engine":"ruby","publisher":"stripe","uname":"Darwin
        MacBook-Pro.local 23.3.0 Darwin Kernel Version 23.3.0: Wed Dec 20 21:28:58
        PST 2023; root:xnu-10002.81.5~7/RELEASE_X86_64 x86_64","hostname":"MacBook-Pro.local"}'
      Accept-Encoding:
      - gzip;q=1.0,deflate;q=0.6,identity;q=0.3
      Accept:
      - "*/*"
  response:
    status:
      code: 200
      message: OK
    headers:
      Server:
      - nginx
      Date:
      - Tue, 06 Feb 2024 22:47:09 GMT
      Content-Type:
      - application/json
      Content-Length:
      - '941'
      Connection:
      - keep-alive
      Access-Control-Allow-Credentials:
      - 'true'
      Access-Control-Allow-Methods:
      - GET,HEAD,PUT,PATCH,POST,DELETE
      Access-Control-Allow-Origin:
      - "*"
      Access-Control-Expose-Headers:
      - Request-Id, Stripe-Manage-Version, Stripe-Should-Retry, X-Stripe-External-Auth-Required,
        X-Stripe-Privileged-Session-Required
      Access-Control-Max-Age:
      - '300'
      Cache-Control:
      - no-cache, no-store
      Content-Security-Policy:
      - report-uri https://q.stripe.com/csp-report?p=v1%2Fpayment_methods%2F%3Apayment_method%2Fattach;
        block-all-mixed-content; default-src 'none'; base-uri 'none'; form-action
        'none'; frame-ancestors 'none'; img-src 'self'; script-src 'self' 'report-sample';
        style-src 'self'
      Idempotency-Key:
      - 8739075e-dcc4-441c-a1b3-8d0d993ece45
      Original-Request:
      - req_FcfWajHvMwvJSe
      Request-Id:
      - req_FcfWajHvMwvJSe
      Stripe-Should-Retry:
      - 'false'
      Stripe-Version:
      - '2023-10-16'
      Vary:
      - Origin
      X-Stripe-Non-Api-Overhead-Duration-Ms:
      - '456.0'
      X-Stripe-Routing-Context-Priority-Tier:
      - api-testmode
      Strict-Transport-Security:
      - max-age=63072000; includeSubDomains; preload
    body:
      encoding: UTF-8
      string: |-
        {
          "id": "pm_1OgxPzKuuB1fWySnapiqGLnn",
          "object": "payment_method",
          "billing_details": {
            "address": {
              "city": null,
              "country": null,
              "line1": null,
              "line2": null,
              "postal_code": null,
              "state": null
            },
            "email": null,
            "name": null,
            "phone": null
          },
          "card": {
            "brand": "visa",
            "checks": {
              "address_line1_check": null,
              "address_postal_code_check": null,
              "cvc_check": "pass"
            },
            "country": "US",
            "exp_month": 8,
            "exp_year": 2025,
            "fingerprint": "6E6tgVjx6U65iHFV",
            "funding": "credit",
            "generated_from": null,
            "last4": "4242",
            "networks": {
              "available": [
                "visa"
              ],
              "preferred": null
            },
            "three_d_secure_usage": {
              "supported": true
            },
            "wallet": null
          },
          "created": 1707259627,
          "customer": "cus_PVzO0bgkgqaEE4",
          "livemode": false,
          "metadata": {},
          "type": "card"
        }
  recorded_at: Tue, 06 Feb 2024 22:47:08 GMT
recorded_with: VCR 6.2.0
