---
http_interactions:
- request:
    method: post
    uri: https://api.stripe.com/v1/payment_methods
    body:
      encoding: UTF-8
      string: type=card&card[number]=4000056655665556&card[exp_month]=12&card[exp_year]=2025&card[cvc]=314
    headers:
      User-Agent:
      - Stripe/v1 RubyBindings/10.6.0
      Authorization:
      - Bearer <HIDDEN-STRIPE_INSTANCE_SECRET_KEY>
      Content-Type:
      - application/x-www-form-urlencoded
      X-Stripe-Client-Telemetry:
<<<<<<< HEAD
      - '{"last_request_metrics":{"request_id":"req_XRDpYjOyKtkW7x","request_duration_ms":936}}'
      Stripe-Version:
      - '2023-10-16'
      X-Stripe-Client-User-Agent:
      - '{"bindings_version":"10.6.0","lang":"ruby","lang_version":"3.1.4 p223 (2023-03-30)","platform":"x86_64-linux","engine":"ruby","publisher":"stripe","uname":"Linux
        version 6.5.0-15-generic (buildd@bos03-amd64-040) (x86_64-linux-gnu-gcc-12
        (Ubuntu 12.3.0-1ubuntu1~22.04) 12.3.0, GNU ld (GNU Binutils for Ubuntu) 2.38)
        #15~22.04.1-Ubuntu SMP PREEMPT_DYNAMIC Fri Jan 12 18:54:30 UTC 2","hostname":"ff-LAT"}'
=======
      - '{"last_request_metrics":{"request_id":"req_1hlU4OvQRRk59m","request_duration_ms":1016}}'
      Stripe-Version:
      - '2023-10-16'
      X-Stripe-Client-User-Agent:
      - '{"bindings_version":"10.6.0","lang":"ruby","lang_version":"3.1.4 p223 (2023-03-30)","platform":"x86_64-darwin19","engine":"ruby","publisher":"stripe","uname":"Darwin
        MacBook-Pro.local 23.3.0 Darwin Kernel Version 23.3.0: Wed Dec 20 21:28:58
        PST 2023; root:xnu-10002.81.5~7/RELEASE_X86_64 x86_64","hostname":"MacBook-Pro.local"}'
>>>>>>> 97b18eeb8a (Filter out STRIPE_INSTANCE_SECRET_KEY from cassettes)
      Accept-Encoding:
      - gzip;q=1.0,deflate;q=0.6,identity;q=0.3
      Accept:
      - "*/*"
  response:
    status:
      code: 200
      message: OK
    headers:
      Server:
      - nginx
      Date:
<<<<<<< HEAD
      - Wed, 07 Feb 2024 16:28:13 GMT
=======
      - Tue, 06 Feb 2024 22:47:17 GMT
>>>>>>> 97b18eeb8a (Filter out STRIPE_INSTANCE_SECRET_KEY from cassettes)
      Content-Type:
      - application/json
      Content-Length:
      - '930'
      Connection:
      - keep-alive
      Access-Control-Allow-Credentials:
      - 'true'
      Access-Control-Allow-Methods:
      - GET,HEAD,PUT,PATCH,POST,DELETE
      Access-Control-Allow-Origin:
      - "*"
      Access-Control-Expose-Headers:
      - Request-Id, Stripe-Manage-Version, Stripe-Should-Retry, X-Stripe-External-Auth-Required,
        X-Stripe-Privileged-Session-Required
      Access-Control-Max-Age:
      - '300'
      Cache-Control:
      - no-cache, no-store
      Content-Security-Policy:
      - report-uri https://q.stripe.com/csp-report?p=v1%2Fpayment_methods; block-all-mixed-content;
        default-src 'none'; base-uri 'none'; form-action 'none'; frame-ancestors 'none';
        img-src 'self'; script-src 'self' 'report-sample'; style-src 'self'
      Idempotency-Key:
<<<<<<< HEAD
      - 785f84d3-19b3-49ac-a56c-66f4927e68dd
      Original-Request:
      - req_eU1Kk7nUh4goGa
      Request-Id:
      - req_eU1Kk7nUh4goGa
=======
      - da5df66e-9f64-499a-83e9-1fe6aa28fc4e
      Original-Request:
      - req_e3JFk3417kNsOi
      Request-Id:
      - req_e3JFk3417kNsOi
>>>>>>> 97b18eeb8a (Filter out STRIPE_INSTANCE_SECRET_KEY from cassettes)
      Stripe-Should-Retry:
      - 'false'
      Stripe-Version:
      - '2023-10-16'
      Vary:
      - Origin
      X-Stripe-Non-Api-Overhead-Duration-Ms:
<<<<<<< HEAD
      - '259.0'
=======
      - '240.00000000000003'
>>>>>>> 97b18eeb8a (Filter out STRIPE_INSTANCE_SECRET_KEY from cassettes)
      X-Stripe-Routing-Context-Priority-Tier:
      - api-testmode
      Strict-Transport-Security:
      - max-age=63072000; includeSubDomains; preload
    body:
      encoding: UTF-8
      string: |-
        {
<<<<<<< HEAD
          "id": "pm_1OhDyrKuuB1fWySncwiUpDpR",
=======
          "id": "pm_1OgxQ9KuuB1fWySnh4CGfQWk",
>>>>>>> 97b18eeb8a (Filter out STRIPE_INSTANCE_SECRET_KEY from cassettes)
          "object": "payment_method",
          "billing_details": {
            "address": {
              "city": null,
              "country": null,
              "line1": null,
              "line2": null,
              "postal_code": null,
              "state": null
            },
            "email": null,
            "name": null,
            "phone": null
          },
          "card": {
            "brand": "visa",
            "checks": {
              "address_line1_check": null,
              "address_postal_code_check": null,
              "cvc_check": "unchecked"
            },
            "country": "US",
            "exp_month": 12,
            "exp_year": 2025,
            "fingerprint": "QOaaYMtlTSm6xJM8",
            "funding": "debit",
            "generated_from": null,
            "last4": "5556",
            "networks": {
              "available": [
                "visa"
              ],
              "preferred": null
            },
            "three_d_secure_usage": {
              "supported": true
            },
            "wallet": null
          },
<<<<<<< HEAD
          "created": 1707323293,
=======
          "created": 1707259637,
>>>>>>> 97b18eeb8a (Filter out STRIPE_INSTANCE_SECRET_KEY from cassettes)
          "customer": null,
          "livemode": false,
          "metadata": {},
          "type": "card"
        }
<<<<<<< HEAD
  recorded_at: Wed, 07 Feb 2024 16:28:13 GMT
=======
  recorded_at: Tue, 06 Feb 2024 22:47:17 GMT
>>>>>>> 97b18eeb8a (Filter out STRIPE_INSTANCE_SECRET_KEY from cassettes)
- request:
    method: post
    uri: https://api.stripe.com/v1/payment_intents
    body:
      encoding: UTF-8
<<<<<<< HEAD
      string: amount=100&currency=eur&payment_method=pm_1OhDyrKuuB1fWySncwiUpDpR&payment_method_types[0]=card&capture_method=manual
=======
      string: amount=100&currency=eur&payment_method=pm_1OgxQ9KuuB1fWySnh4CGfQWk&payment_method_types[0]=card&capture_method=manual
>>>>>>> 97b18eeb8a (Filter out STRIPE_INSTANCE_SECRET_KEY from cassettes)
    headers:
      User-Agent:
      - Stripe/v1 RubyBindings/10.6.0
      Authorization:
      - Bearer <HIDDEN-STRIPE_INSTANCE_SECRET_KEY>
      Content-Type:
      - application/x-www-form-urlencoded
      X-Stripe-Client-Telemetry:
<<<<<<< HEAD
      - '{"last_request_metrics":{"request_id":"req_eU1Kk7nUh4goGa","request_duration_ms":483}}'
      Stripe-Version:
      - '2023-10-16'
      X-Stripe-Client-User-Agent:
      - '{"bindings_version":"10.6.0","lang":"ruby","lang_version":"3.1.4 p223 (2023-03-30)","platform":"x86_64-linux","engine":"ruby","publisher":"stripe","uname":"Linux
        version 6.5.0-15-generic (buildd@bos03-amd64-040) (x86_64-linux-gnu-gcc-12
        (Ubuntu 12.3.0-1ubuntu1~22.04) 12.3.0, GNU ld (GNU Binutils for Ubuntu) 2.38)
        #15~22.04.1-Ubuntu SMP PREEMPT_DYNAMIC Fri Jan 12 18:54:30 UTC 2","hostname":"ff-LAT"}'
=======
      - '{"last_request_metrics":{"request_id":"req_e3JFk3417kNsOi","request_duration_ms":473}}'
      Stripe-Version:
      - '2023-10-16'
      X-Stripe-Client-User-Agent:
      - '{"bindings_version":"10.6.0","lang":"ruby","lang_version":"3.1.4 p223 (2023-03-30)","platform":"x86_64-darwin19","engine":"ruby","publisher":"stripe","uname":"Darwin
        MacBook-Pro.local 23.3.0 Darwin Kernel Version 23.3.0: Wed Dec 20 21:28:58
        PST 2023; root:xnu-10002.81.5~7/RELEASE_X86_64 x86_64","hostname":"MacBook-Pro.local"}'
>>>>>>> 97b18eeb8a (Filter out STRIPE_INSTANCE_SECRET_KEY from cassettes)
      Accept-Encoding:
      - gzip;q=1.0,deflate;q=0.6,identity;q=0.3
      Accept:
      - "*/*"
  response:
    status:
      code: 200
      message: OK
    headers:
      Server:
      - nginx
      Date:
<<<<<<< HEAD
      - Wed, 07 Feb 2024 16:28:14 GMT
=======
      - Tue, 06 Feb 2024 22:47:18 GMT
>>>>>>> 97b18eeb8a (Filter out STRIPE_INSTANCE_SECRET_KEY from cassettes)
      Content-Type:
      - application/json
      Content-Length:
      - '1343'
      Connection:
      - keep-alive
      Access-Control-Allow-Credentials:
      - 'true'
      Access-Control-Allow-Methods:
      - GET,HEAD,PUT,PATCH,POST,DELETE
      Access-Control-Allow-Origin:
      - "*"
      Access-Control-Expose-Headers:
      - Request-Id, Stripe-Manage-Version, Stripe-Should-Retry, X-Stripe-External-Auth-Required,
        X-Stripe-Privileged-Session-Required
      Access-Control-Max-Age:
      - '300'
      Cache-Control:
      - no-cache, no-store
      Content-Security-Policy:
      - report-uri https://q.stripe.com/csp-report?p=v1%2Fpayment_intents; block-all-mixed-content;
        default-src 'none'; base-uri 'none'; form-action 'none'; frame-ancestors 'none';
        img-src 'self'; script-src 'self' 'report-sample'; style-src 'self'
      Idempotency-Key:
<<<<<<< HEAD
      - 556f6633-8232-4b50-9230-04888657c33b
      Original-Request:
      - req_h8DcNtfLkLkemS
      Request-Id:
      - req_h8DcNtfLkLkemS
=======
      - 551c65d4-5caf-4067-9585-186fbf7cd21c
      Original-Request:
      - req_3l6XXhHtTbpIWC
      Request-Id:
      - req_3l6XXhHtTbpIWC
>>>>>>> 97b18eeb8a (Filter out STRIPE_INSTANCE_SECRET_KEY from cassettes)
      Stripe-Should-Retry:
      - 'false'
      Stripe-Version:
      - '2023-10-16'
      Vary:
      - Origin
      X-Stripe-Non-Api-Overhead-Duration-Ms:
<<<<<<< HEAD
      - '185.0'
=======
      - '178.0'
>>>>>>> 97b18eeb8a (Filter out STRIPE_INSTANCE_SECRET_KEY from cassettes)
      X-Stripe-Routing-Context-Priority-Tier:
      - api-testmode
      Strict-Transport-Security:
      - max-age=63072000; includeSubDomains; preload
    body:
      encoding: UTF-8
      string: |-
        {
<<<<<<< HEAD
          "id": "pi_3OhDyrKuuB1fWySn0HXukdYj",
=======
          "id": "pi_3OgxQ9KuuB1fWySn0fcZS1La",
>>>>>>> 97b18eeb8a (Filter out STRIPE_INSTANCE_SECRET_KEY from cassettes)
          "object": "payment_intent",
          "amount": 100,
          "amount_capturable": 0,
          "amount_details": {
            "tip": {}
          },
          "amount_received": 0,
          "application": null,
          "application_fee_amount": null,
          "automatic_payment_methods": null,
          "canceled_at": null,
          "cancellation_reason": null,
          "capture_method": "manual",
<<<<<<< HEAD
          "client_secret": "pi_3OhDyrKuuB1fWySn0HXukdYj_secret_JBgxOvQNdLixjB1XFfCZVvmqt",
          "confirmation_method": "automatic",
          "created": 1707323293,
=======
          "client_secret": "pi_3OgxQ9KuuB1fWySn0fcZS1La_secret_S60GK0HeS1MXai7HUw3x5gC1M",
          "confirmation_method": "automatic",
          "created": 1707259637,
>>>>>>> 97b18eeb8a (Filter out STRIPE_INSTANCE_SECRET_KEY from cassettes)
          "currency": "eur",
          "customer": null,
          "description": null,
          "invoice": null,
          "last_payment_error": null,
          "latest_charge": null,
          "livemode": false,
          "metadata": {},
          "next_action": null,
          "on_behalf_of": null,
<<<<<<< HEAD
          "payment_method": "pm_1OhDyrKuuB1fWySncwiUpDpR",
=======
          "payment_method": "pm_1OgxQ9KuuB1fWySnh4CGfQWk",
>>>>>>> 97b18eeb8a (Filter out STRIPE_INSTANCE_SECRET_KEY from cassettes)
          "payment_method_configuration_details": null,
          "payment_method_options": {
            "card": {
              "installments": null,
              "mandate_options": null,
              "network": null,
              "request_three_d_secure": "automatic"
            }
          },
          "payment_method_types": [
            "card"
          ],
          "processing": null,
          "receipt_email": null,
          "review": null,
          "setup_future_usage": null,
          "shipping": null,
          "source": null,
          "statement_descriptor": null,
          "statement_descriptor_suffix": null,
          "status": "requires_confirmation",
          "transfer_data": null,
          "transfer_group": null
        }
<<<<<<< HEAD
  recorded_at: Wed, 07 Feb 2024 16:28:14 GMT
- request:
    method: post
    uri: https://api.stripe.com/v1/payment_intents/pi_3OhDyrKuuB1fWySn0HXukdYj/confirm
=======
  recorded_at: Tue, 06 Feb 2024 22:47:18 GMT
- request:
    method: post
    uri: https://api.stripe.com/v1/payment_intents/pi_3OgxQ9KuuB1fWySn0fcZS1La/confirm
>>>>>>> 97b18eeb8a (Filter out STRIPE_INSTANCE_SECRET_KEY from cassettes)
    body:
      encoding: US-ASCII
      string: ''
    headers:
      User-Agent:
      - Stripe/v1 RubyBindings/10.6.0
      Authorization:
      - Bearer <HIDDEN-STRIPE_INSTANCE_SECRET_KEY>
      Content-Type:
      - application/x-www-form-urlencoded
      X-Stripe-Client-Telemetry:
<<<<<<< HEAD
      - '{"last_request_metrics":{"request_id":"req_h8DcNtfLkLkemS","request_duration_ms":414}}'
      Stripe-Version:
      - '2023-10-16'
      X-Stripe-Client-User-Agent:
      - '{"bindings_version":"10.6.0","lang":"ruby","lang_version":"3.1.4 p223 (2023-03-30)","platform":"x86_64-linux","engine":"ruby","publisher":"stripe","uname":"Linux
        version 6.5.0-15-generic (buildd@bos03-amd64-040) (x86_64-linux-gnu-gcc-12
        (Ubuntu 12.3.0-1ubuntu1~22.04) 12.3.0, GNU ld (GNU Binutils for Ubuntu) 2.38)
        #15~22.04.1-Ubuntu SMP PREEMPT_DYNAMIC Fri Jan 12 18:54:30 UTC 2","hostname":"ff-LAT"}'
=======
      - '{"last_request_metrics":{"request_id":"req_3l6XXhHtTbpIWC","request_duration_ms":380}}'
      Stripe-Version:
      - '2023-10-16'
      X-Stripe-Client-User-Agent:
      - '{"bindings_version":"10.6.0","lang":"ruby","lang_version":"3.1.4 p223 (2023-03-30)","platform":"x86_64-darwin19","engine":"ruby","publisher":"stripe","uname":"Darwin
        MacBook-Pro.local 23.3.0 Darwin Kernel Version 23.3.0: Wed Dec 20 21:28:58
        PST 2023; root:xnu-10002.81.5~7/RELEASE_X86_64 x86_64","hostname":"MacBook-Pro.local"}'
>>>>>>> 97b18eeb8a (Filter out STRIPE_INSTANCE_SECRET_KEY from cassettes)
      Accept-Encoding:
      - gzip;q=1.0,deflate;q=0.6,identity;q=0.3
      Accept:
      - "*/*"
  response:
    status:
      code: 200
      message: OK
    headers:
      Server:
      - nginx
      Date:
<<<<<<< HEAD
      - Wed, 07 Feb 2024 16:28:15 GMT
=======
      - Tue, 06 Feb 2024 22:47:19 GMT
>>>>>>> 97b18eeb8a (Filter out STRIPE_INSTANCE_SECRET_KEY from cassettes)
      Content-Type:
      - application/json
      Content-Length:
      - '1365'
      Connection:
      - keep-alive
      Access-Control-Allow-Credentials:
      - 'true'
      Access-Control-Allow-Methods:
      - GET,HEAD,PUT,PATCH,POST,DELETE
      Access-Control-Allow-Origin:
      - "*"
      Access-Control-Expose-Headers:
      - Request-Id, Stripe-Manage-Version, Stripe-Should-Retry, X-Stripe-External-Auth-Required,
        X-Stripe-Privileged-Session-Required
      Access-Control-Max-Age:
      - '300'
      Cache-Control:
      - no-cache, no-store
      Content-Security-Policy:
      - report-uri https://q.stripe.com/csp-report?p=v1%2Fpayment_intents%2F%3Aintent%2Fconfirm;
        block-all-mixed-content; default-src 'none'; base-uri 'none'; form-action
        'none'; frame-ancestors 'none'; img-src 'self'; script-src 'self' 'report-sample';
        style-src 'self'
      Idempotency-Key:
<<<<<<< HEAD
      - 32c1eb1e-1b48-4928-abc6-7d051fa9eca5
      Original-Request:
      - req_3UoR1yXcC3QYTX
      Request-Id:
      - req_3UoR1yXcC3QYTX
=======
      - 065c9299-8439-44c5-8a69-8c6ab764095c
      Original-Request:
      - req_mOqPvlJtQfC83A
      Request-Id:
      - req_mOqPvlJtQfC83A
>>>>>>> 97b18eeb8a (Filter out STRIPE_INSTANCE_SECRET_KEY from cassettes)
      Stripe-Should-Retry:
      - 'false'
      Stripe-Version:
      - '2023-10-16'
      Vary:
      - Origin
      X-Stripe-Non-Api-Overhead-Duration-Ms:
<<<<<<< HEAD
      - '793.0'
=======
      - '752.0'
>>>>>>> 97b18eeb8a (Filter out STRIPE_INSTANCE_SECRET_KEY from cassettes)
      X-Stripe-Routing-Context-Priority-Tier:
      - api-testmode
      Strict-Transport-Security:
      - max-age=63072000; includeSubDomains; preload
    body:
      encoding: UTF-8
      string: |-
        {
<<<<<<< HEAD
          "id": "pi_3OhDyrKuuB1fWySn0HXukdYj",
=======
          "id": "pi_3OgxQ9KuuB1fWySn0fcZS1La",
>>>>>>> 97b18eeb8a (Filter out STRIPE_INSTANCE_SECRET_KEY from cassettes)
          "object": "payment_intent",
          "amount": 100,
          "amount_capturable": 100,
          "amount_details": {
            "tip": {}
          },
          "amount_received": 0,
          "application": null,
          "application_fee_amount": null,
          "automatic_payment_methods": null,
          "canceled_at": null,
          "cancellation_reason": null,
          "capture_method": "manual",
<<<<<<< HEAD
          "client_secret": "pi_3OhDyrKuuB1fWySn0HXukdYj_secret_JBgxOvQNdLixjB1XFfCZVvmqt",
          "confirmation_method": "automatic",
          "created": 1707323293,
=======
          "client_secret": "pi_3OgxQ9KuuB1fWySn0fcZS1La_secret_S60GK0HeS1MXai7HUw3x5gC1M",
          "confirmation_method": "automatic",
          "created": 1707259637,
>>>>>>> 97b18eeb8a (Filter out STRIPE_INSTANCE_SECRET_KEY from cassettes)
          "currency": "eur",
          "customer": null,
          "description": null,
          "invoice": null,
          "last_payment_error": null,
<<<<<<< HEAD
          "latest_charge": "ch_3OhDyrKuuB1fWySn0TngRTSu",
=======
          "latest_charge": "ch_3OgxQ9KuuB1fWySn0izX0DkL",
>>>>>>> 97b18eeb8a (Filter out STRIPE_INSTANCE_SECRET_KEY from cassettes)
          "livemode": false,
          "metadata": {},
          "next_action": null,
          "on_behalf_of": null,
<<<<<<< HEAD
          "payment_method": "pm_1OhDyrKuuB1fWySncwiUpDpR",
=======
          "payment_method": "pm_1OgxQ9KuuB1fWySnh4CGfQWk",
>>>>>>> 97b18eeb8a (Filter out STRIPE_INSTANCE_SECRET_KEY from cassettes)
          "payment_method_configuration_details": null,
          "payment_method_options": {
            "card": {
              "installments": null,
              "mandate_options": null,
              "network": null,
              "request_three_d_secure": "automatic"
            }
          },
          "payment_method_types": [
            "card"
          ],
          "processing": null,
          "receipt_email": null,
          "review": null,
          "setup_future_usage": null,
          "shipping": null,
          "source": null,
          "statement_descriptor": null,
          "statement_descriptor_suffix": null,
          "status": "requires_capture",
          "transfer_data": null,
          "transfer_group": null
        }
<<<<<<< HEAD
  recorded_at: Wed, 07 Feb 2024 16:28:15 GMT
- request:
    method: get
    uri: https://api.stripe.com/v1/payment_intents/pi_3OhDyrKuuB1fWySn0HXukdYj
=======
  recorded_at: Tue, 06 Feb 2024 22:47:18 GMT
- request:
    method: get
    uri: https://api.stripe.com/v1/payment_intents/pi_3OgxQ9KuuB1fWySn0fcZS1La
>>>>>>> 97b18eeb8a (Filter out STRIPE_INSTANCE_SECRET_KEY from cassettes)
    body:
      encoding: US-ASCII
      string: ''
    headers:
      User-Agent:
      - Stripe/v1 RubyBindings/10.6.0
      Authorization:
      - Bearer <HIDDEN-STRIPE_INSTANCE_SECRET_KEY>
      Content-Type:
      - application/x-www-form-urlencoded
      X-Stripe-Client-Telemetry:
<<<<<<< HEAD
      - '{"last_request_metrics":{"request_id":"req_3UoR1yXcC3QYTX","request_duration_ms":1041}}'
      Stripe-Version:
      - '2023-10-16'
      X-Stripe-Client-User-Agent:
      - '{"bindings_version":"10.6.0","lang":"ruby","lang_version":"3.1.4 p223 (2023-03-30)","platform":"x86_64-linux","engine":"ruby","publisher":"stripe","uname":"Linux
        version 6.5.0-15-generic (buildd@bos03-amd64-040) (x86_64-linux-gnu-gcc-12
        (Ubuntu 12.3.0-1ubuntu1~22.04) 12.3.0, GNU ld (GNU Binutils for Ubuntu) 2.38)
        #15~22.04.1-Ubuntu SMP PREEMPT_DYNAMIC Fri Jan 12 18:54:30 UTC 2","hostname":"ff-LAT"}'
=======
      - '{"last_request_metrics":{"request_id":"req_mOqPvlJtQfC83A","request_duration_ms":938}}'
      Stripe-Version:
      - '2023-10-16'
      X-Stripe-Client-User-Agent:
      - '{"bindings_version":"10.6.0","lang":"ruby","lang_version":"3.1.4 p223 (2023-03-30)","platform":"x86_64-darwin19","engine":"ruby","publisher":"stripe","uname":"Darwin
        MacBook-Pro.local 23.3.0 Darwin Kernel Version 23.3.0: Wed Dec 20 21:28:58
        PST 2023; root:xnu-10002.81.5~7/RELEASE_X86_64 x86_64","hostname":"MacBook-Pro.local"}'
>>>>>>> 97b18eeb8a (Filter out STRIPE_INSTANCE_SECRET_KEY from cassettes)
      Accept-Encoding:
      - gzip;q=1.0,deflate;q=0.6,identity;q=0.3
      Accept:
      - "*/*"
  response:
    status:
      code: 200
      message: OK
    headers:
      Server:
      - nginx
      Date:
<<<<<<< HEAD
      - Wed, 07 Feb 2024 16:28:15 GMT
=======
      - Tue, 06 Feb 2024 22:47:19 GMT
>>>>>>> 97b18eeb8a (Filter out STRIPE_INSTANCE_SECRET_KEY from cassettes)
      Content-Type:
      - application/json
      Content-Length:
      - '1365'
      Connection:
      - keep-alive
      Access-Control-Allow-Credentials:
      - 'true'
      Access-Control-Allow-Methods:
      - GET,HEAD,PUT,PATCH,POST,DELETE
      Access-Control-Allow-Origin:
      - "*"
      Access-Control-Expose-Headers:
      - Request-Id, Stripe-Manage-Version, Stripe-Should-Retry, X-Stripe-External-Auth-Required,
        X-Stripe-Privileged-Session-Required
      Access-Control-Max-Age:
      - '300'
      Cache-Control:
      - no-cache, no-store
      Content-Security-Policy:
      - report-uri https://q.stripe.com/csp-report?p=v1%2Fpayment_intents%2F%3Aintent;
        block-all-mixed-content; default-src 'none'; base-uri 'none'; form-action
        'none'; frame-ancestors 'none'; img-src 'self'; script-src 'self' 'report-sample';
        style-src 'self'
      Request-Id:
<<<<<<< HEAD
      - req_JeLu7S2FCbcsLv
=======
      - req_1qnJzkxVyG1JXw
>>>>>>> 97b18eeb8a (Filter out STRIPE_INSTANCE_SECRET_KEY from cassettes)
      Stripe-Version:
      - '2023-10-16'
      Vary:
      - Origin
      X-Stripe-Non-Api-Overhead-Duration-Ms:
<<<<<<< HEAD
      - '91.0'
=======
      - '65.0'
>>>>>>> 97b18eeb8a (Filter out STRIPE_INSTANCE_SECRET_KEY from cassettes)
      X-Stripe-Routing-Context-Priority-Tier:
      - api-testmode
      Strict-Transport-Security:
      - max-age=63072000; includeSubDomains; preload
    body:
      encoding: UTF-8
      string: |-
        {
<<<<<<< HEAD
          "id": "pi_3OhDyrKuuB1fWySn0HXukdYj",
=======
          "id": "pi_3OgxQ9KuuB1fWySn0fcZS1La",
>>>>>>> 97b18eeb8a (Filter out STRIPE_INSTANCE_SECRET_KEY from cassettes)
          "object": "payment_intent",
          "amount": 100,
          "amount_capturable": 100,
          "amount_details": {
            "tip": {}
          },
          "amount_received": 0,
          "application": null,
          "application_fee_amount": null,
          "automatic_payment_methods": null,
          "canceled_at": null,
          "cancellation_reason": null,
          "capture_method": "manual",
<<<<<<< HEAD
          "client_secret": "pi_3OhDyrKuuB1fWySn0HXukdYj_secret_JBgxOvQNdLixjB1XFfCZVvmqt",
          "confirmation_method": "automatic",
          "created": 1707323293,
=======
          "client_secret": "pi_3OgxQ9KuuB1fWySn0fcZS1La_secret_S60GK0HeS1MXai7HUw3x5gC1M",
          "confirmation_method": "automatic",
          "created": 1707259637,
>>>>>>> 97b18eeb8a (Filter out STRIPE_INSTANCE_SECRET_KEY from cassettes)
          "currency": "eur",
          "customer": null,
          "description": null,
          "invoice": null,
          "last_payment_error": null,
<<<<<<< HEAD
          "latest_charge": "ch_3OhDyrKuuB1fWySn0TngRTSu",
=======
          "latest_charge": "ch_3OgxQ9KuuB1fWySn0izX0DkL",
>>>>>>> 97b18eeb8a (Filter out STRIPE_INSTANCE_SECRET_KEY from cassettes)
          "livemode": false,
          "metadata": {},
          "next_action": null,
          "on_behalf_of": null,
<<<<<<< HEAD
          "payment_method": "pm_1OhDyrKuuB1fWySncwiUpDpR",
=======
          "payment_method": "pm_1OgxQ9KuuB1fWySnh4CGfQWk",
>>>>>>> 97b18eeb8a (Filter out STRIPE_INSTANCE_SECRET_KEY from cassettes)
          "payment_method_configuration_details": null,
          "payment_method_options": {
            "card": {
              "installments": null,
              "mandate_options": null,
              "network": null,
              "request_three_d_secure": "automatic"
            }
          },
          "payment_method_types": [
            "card"
          ],
          "processing": null,
          "receipt_email": null,
          "review": null,
          "setup_future_usage": null,
          "shipping": null,
          "source": null,
          "statement_descriptor": null,
          "statement_descriptor_suffix": null,
          "status": "requires_capture",
          "transfer_data": null,
          "transfer_group": null
        }
<<<<<<< HEAD
  recorded_at: Wed, 07 Feb 2024 16:28:15 GMT
- request:
    method: post
    uri: https://api.stripe.com/v1/payment_intents/pi_3OhDyrKuuB1fWySn0HXukdYj/capture
=======
  recorded_at: Tue, 06 Feb 2024 22:47:19 GMT
- request:
    method: post
    uri: https://api.stripe.com/v1/payment_intents/pi_3OgxQ9KuuB1fWySn0fcZS1La/capture
>>>>>>> 97b18eeb8a (Filter out STRIPE_INSTANCE_SECRET_KEY from cassettes)
    body:
      encoding: US-ASCII
      string: ''
    headers:
      User-Agent:
      - Stripe/v1 RubyBindings/10.6.0
      Authorization:
      - Bearer <HIDDEN-STRIPE_INSTANCE_SECRET_KEY>
      Content-Type:
      - application/x-www-form-urlencoded
      X-Stripe-Client-Telemetry:
<<<<<<< HEAD
      - '{"last_request_metrics":{"request_id":"req_JeLu7S2FCbcsLv","request_duration_ms":414}}'
      Stripe-Version:
      - '2023-10-16'
      X-Stripe-Client-User-Agent:
      - '{"bindings_version":"10.6.0","lang":"ruby","lang_version":"3.1.4 p223 (2023-03-30)","platform":"x86_64-linux","engine":"ruby","publisher":"stripe","uname":"Linux
        version 6.5.0-15-generic (buildd@bos03-amd64-040) (x86_64-linux-gnu-gcc-12
        (Ubuntu 12.3.0-1ubuntu1~22.04) 12.3.0, GNU ld (GNU Binutils for Ubuntu) 2.38)
        #15~22.04.1-Ubuntu SMP PREEMPT_DYNAMIC Fri Jan 12 18:54:30 UTC 2","hostname":"ff-LAT"}'
=======
      - '{"last_request_metrics":{"request_id":"req_1qnJzkxVyG1JXw","request_duration_ms":284}}'
      Stripe-Version:
      - '2023-10-16'
      X-Stripe-Client-User-Agent:
      - '{"bindings_version":"10.6.0","lang":"ruby","lang_version":"3.1.4 p223 (2023-03-30)","platform":"x86_64-darwin19","engine":"ruby","publisher":"stripe","uname":"Darwin
        MacBook-Pro.local 23.3.0 Darwin Kernel Version 23.3.0: Wed Dec 20 21:28:58
        PST 2023; root:xnu-10002.81.5~7/RELEASE_X86_64 x86_64","hostname":"MacBook-Pro.local"}'
>>>>>>> 97b18eeb8a (Filter out STRIPE_INSTANCE_SECRET_KEY from cassettes)
      Accept-Encoding:
      - gzip;q=1.0,deflate;q=0.6,identity;q=0.3
      Accept:
      - "*/*"
  response:
    status:
      code: 200
      message: OK
    headers:
      Server:
      - nginx
      Date:
<<<<<<< HEAD
      - Wed, 07 Feb 2024 16:28:16 GMT
=======
      - Tue, 06 Feb 2024 22:47:20 GMT
>>>>>>> 97b18eeb8a (Filter out STRIPE_INSTANCE_SECRET_KEY from cassettes)
      Content-Type:
      - application/json
      Content-Length:
      - '1358'
      Connection:
      - keep-alive
      Access-Control-Allow-Credentials:
      - 'true'
      Access-Control-Allow-Methods:
      - GET,HEAD,PUT,PATCH,POST,DELETE
      Access-Control-Allow-Origin:
      - "*"
      Access-Control-Expose-Headers:
      - Request-Id, Stripe-Manage-Version, Stripe-Should-Retry, X-Stripe-External-Auth-Required,
        X-Stripe-Privileged-Session-Required
      Access-Control-Max-Age:
      - '300'
      Cache-Control:
      - no-cache, no-store
      Content-Security-Policy:
      - report-uri https://q.stripe.com/csp-report?p=v1%2Fpayment_intents%2F%3Aintent%2Fcapture;
        block-all-mixed-content; default-src 'none'; base-uri 'none'; form-action
        'none'; frame-ancestors 'none'; img-src 'self'; script-src 'self' 'report-sample';
        style-src 'self'
      Idempotency-Key:
<<<<<<< HEAD
      - a6553929-841c-412e-9b41-a87bd721806b
      Original-Request:
      - req_ObZvBepcm2Xxca
      Request-Id:
      - req_ObZvBepcm2Xxca
=======
      - e89f3d5d-37dd-4052-86eb-3a3b3b0ec5b7
      Original-Request:
      - req_Svh8bk3AfFzUAr
      Request-Id:
      - req_Svh8bk3AfFzUAr
>>>>>>> 97b18eeb8a (Filter out STRIPE_INSTANCE_SECRET_KEY from cassettes)
      Stripe-Should-Retry:
      - 'false'
      Stripe-Version:
      - '2023-10-16'
      Vary:
      - Origin
      X-Stripe-Non-Api-Overhead-Duration-Ms:
<<<<<<< HEAD
      - '803.0'
=======
      - '779.0'
>>>>>>> 97b18eeb8a (Filter out STRIPE_INSTANCE_SECRET_KEY from cassettes)
      X-Stripe-Routing-Context-Priority-Tier:
      - api-testmode
      Strict-Transport-Security:
      - max-age=63072000; includeSubDomains; preload
    body:
      encoding: UTF-8
      string: |-
        {
<<<<<<< HEAD
          "id": "pi_3OhDyrKuuB1fWySn0HXukdYj",
=======
          "id": "pi_3OgxQ9KuuB1fWySn0fcZS1La",
>>>>>>> 97b18eeb8a (Filter out STRIPE_INSTANCE_SECRET_KEY from cassettes)
          "object": "payment_intent",
          "amount": 100,
          "amount_capturable": 0,
          "amount_details": {
            "tip": {}
          },
          "amount_received": 100,
          "application": null,
          "application_fee_amount": null,
          "automatic_payment_methods": null,
          "canceled_at": null,
          "cancellation_reason": null,
          "capture_method": "manual",
<<<<<<< HEAD
          "client_secret": "pi_3OhDyrKuuB1fWySn0HXukdYj_secret_JBgxOvQNdLixjB1XFfCZVvmqt",
          "confirmation_method": "automatic",
          "created": 1707323293,
=======
          "client_secret": "pi_3OgxQ9KuuB1fWySn0fcZS1La_secret_S60GK0HeS1MXai7HUw3x5gC1M",
          "confirmation_method": "automatic",
          "created": 1707259637,
>>>>>>> 97b18eeb8a (Filter out STRIPE_INSTANCE_SECRET_KEY from cassettes)
          "currency": "eur",
          "customer": null,
          "description": null,
          "invoice": null,
          "last_payment_error": null,
<<<<<<< HEAD
          "latest_charge": "ch_3OhDyrKuuB1fWySn0TngRTSu",
=======
          "latest_charge": "ch_3OgxQ9KuuB1fWySn0izX0DkL",
>>>>>>> 97b18eeb8a (Filter out STRIPE_INSTANCE_SECRET_KEY from cassettes)
          "livemode": false,
          "metadata": {},
          "next_action": null,
          "on_behalf_of": null,
<<<<<<< HEAD
          "payment_method": "pm_1OhDyrKuuB1fWySncwiUpDpR",
=======
          "payment_method": "pm_1OgxQ9KuuB1fWySnh4CGfQWk",
>>>>>>> 97b18eeb8a (Filter out STRIPE_INSTANCE_SECRET_KEY from cassettes)
          "payment_method_configuration_details": null,
          "payment_method_options": {
            "card": {
              "installments": null,
              "mandate_options": null,
              "network": null,
              "request_three_d_secure": "automatic"
            }
          },
          "payment_method_types": [
            "card"
          ],
          "processing": null,
          "receipt_email": null,
          "review": null,
          "setup_future_usage": null,
          "shipping": null,
          "source": null,
          "statement_descriptor": null,
          "statement_descriptor_suffix": null,
          "status": "succeeded",
          "transfer_data": null,
          "transfer_group": null
        }
<<<<<<< HEAD
  recorded_at: Wed, 07 Feb 2024 16:28:16 GMT
- request:
    method: get
    uri: https://api.stripe.com/v1/payment_intents/pi_3OhDyrKuuB1fWySn0HXukdYj
=======
  recorded_at: Tue, 06 Feb 2024 22:47:20 GMT
- request:
    method: get
    uri: https://api.stripe.com/v1/payment_intents/pi_3OgxQ9KuuB1fWySn0fcZS1La
>>>>>>> 97b18eeb8a (Filter out STRIPE_INSTANCE_SECRET_KEY from cassettes)
    body:
      encoding: US-ASCII
      string: ''
    headers:
      User-Agent:
      - Stripe/v1 RubyBindings/10.6.0
      Authorization:
      - Bearer <HIDDEN-STRIPE_INSTANCE_SECRET_KEY>
      Content-Type:
      - application/x-www-form-urlencoded
      X-Stripe-Client-Telemetry:
<<<<<<< HEAD
      - '{"last_request_metrics":{"request_id":"req_ObZvBepcm2Xxca","request_duration_ms":1042}}'
      Stripe-Version:
      - '2023-10-16'
      X-Stripe-Client-User-Agent:
      - '{"bindings_version":"10.6.0","lang":"ruby","lang_version":"3.1.4 p223 (2023-03-30)","platform":"x86_64-linux","engine":"ruby","publisher":"stripe","uname":"Linux
        version 6.5.0-15-generic (buildd@bos03-amd64-040) (x86_64-linux-gnu-gcc-12
        (Ubuntu 12.3.0-1ubuntu1~22.04) 12.3.0, GNU ld (GNU Binutils for Ubuntu) 2.38)
        #15~22.04.1-Ubuntu SMP PREEMPT_DYNAMIC Fri Jan 12 18:54:30 UTC 2","hostname":"ff-LAT"}'
=======
      - '{"last_request_metrics":{"request_id":"req_Svh8bk3AfFzUAr","request_duration_ms":979}}'
      Stripe-Version:
      - '2023-10-16'
      X-Stripe-Client-User-Agent:
      - '{"bindings_version":"10.6.0","lang":"ruby","lang_version":"3.1.4 p223 (2023-03-30)","platform":"x86_64-darwin19","engine":"ruby","publisher":"stripe","uname":"Darwin
        MacBook-Pro.local 23.3.0 Darwin Kernel Version 23.3.0: Wed Dec 20 21:28:58
        PST 2023; root:xnu-10002.81.5~7/RELEASE_X86_64 x86_64","hostname":"MacBook-Pro.local"}'
>>>>>>> 97b18eeb8a (Filter out STRIPE_INSTANCE_SECRET_KEY from cassettes)
      Accept-Encoding:
      - gzip;q=1.0,deflate;q=0.6,identity;q=0.3
      Accept:
      - "*/*"
  response:
    status:
      code: 200
      message: OK
    headers:
      Server:
      - nginx
      Date:
<<<<<<< HEAD
      - Wed, 07 Feb 2024 16:28:16 GMT
=======
      - Tue, 06 Feb 2024 22:47:20 GMT
>>>>>>> 97b18eeb8a (Filter out STRIPE_INSTANCE_SECRET_KEY from cassettes)
      Content-Type:
      - application/json
      Content-Length:
      - '1358'
      Connection:
      - keep-alive
      Access-Control-Allow-Credentials:
      - 'true'
      Access-Control-Allow-Methods:
      - GET,HEAD,PUT,PATCH,POST,DELETE
      Access-Control-Allow-Origin:
      - "*"
      Access-Control-Expose-Headers:
      - Request-Id, Stripe-Manage-Version, Stripe-Should-Retry, X-Stripe-External-Auth-Required,
        X-Stripe-Privileged-Session-Required
      Access-Control-Max-Age:
      - '300'
      Cache-Control:
      - no-cache, no-store
      Content-Security-Policy:
      - report-uri https://q.stripe.com/csp-report?p=v1%2Fpayment_intents%2F%3Aintent;
        block-all-mixed-content; default-src 'none'; base-uri 'none'; form-action
        'none'; frame-ancestors 'none'; img-src 'self'; script-src 'self' 'report-sample';
        style-src 'self'
      Request-Id:
<<<<<<< HEAD
      - req_RiwtAVsyAHuT41
=======
      - req_wyXTqTGGgpf1i9
>>>>>>> 97b18eeb8a (Filter out STRIPE_INSTANCE_SECRET_KEY from cassettes)
      Stripe-Version:
      - '2023-10-16'
      Vary:
      - Origin
      X-Stripe-Non-Api-Overhead-Duration-Ms:
<<<<<<< HEAD
      - '81.00000000000001'
=======
      - '78.0'
>>>>>>> 97b18eeb8a (Filter out STRIPE_INSTANCE_SECRET_KEY from cassettes)
      X-Stripe-Routing-Context-Priority-Tier:
      - api-testmode
      Strict-Transport-Security:
      - max-age=63072000; includeSubDomains; preload
    body:
      encoding: UTF-8
      string: |-
        {
<<<<<<< HEAD
          "id": "pi_3OhDyrKuuB1fWySn0HXukdYj",
=======
          "id": "pi_3OgxQ9KuuB1fWySn0fcZS1La",
>>>>>>> 97b18eeb8a (Filter out STRIPE_INSTANCE_SECRET_KEY from cassettes)
          "object": "payment_intent",
          "amount": 100,
          "amount_capturable": 0,
          "amount_details": {
            "tip": {}
          },
          "amount_received": 100,
          "application": null,
          "application_fee_amount": null,
          "automatic_payment_methods": null,
          "canceled_at": null,
          "cancellation_reason": null,
          "capture_method": "manual",
<<<<<<< HEAD
          "client_secret": "pi_3OhDyrKuuB1fWySn0HXukdYj_secret_JBgxOvQNdLixjB1XFfCZVvmqt",
          "confirmation_method": "automatic",
          "created": 1707323293,
=======
          "client_secret": "pi_3OgxQ9KuuB1fWySn0fcZS1La_secret_S60GK0HeS1MXai7HUw3x5gC1M",
          "confirmation_method": "automatic",
          "created": 1707259637,
>>>>>>> 97b18eeb8a (Filter out STRIPE_INSTANCE_SECRET_KEY from cassettes)
          "currency": "eur",
          "customer": null,
          "description": null,
          "invoice": null,
          "last_payment_error": null,
<<<<<<< HEAD
          "latest_charge": "ch_3OhDyrKuuB1fWySn0TngRTSu",
=======
          "latest_charge": "ch_3OgxQ9KuuB1fWySn0izX0DkL",
>>>>>>> 97b18eeb8a (Filter out STRIPE_INSTANCE_SECRET_KEY from cassettes)
          "livemode": false,
          "metadata": {},
          "next_action": null,
          "on_behalf_of": null,
<<<<<<< HEAD
          "payment_method": "pm_1OhDyrKuuB1fWySncwiUpDpR",
=======
          "payment_method": "pm_1OgxQ9KuuB1fWySnh4CGfQWk",
>>>>>>> 97b18eeb8a (Filter out STRIPE_INSTANCE_SECRET_KEY from cassettes)
          "payment_method_configuration_details": null,
          "payment_method_options": {
            "card": {
              "installments": null,
              "mandate_options": null,
              "network": null,
              "request_three_d_secure": "automatic"
            }
          },
          "payment_method_types": [
            "card"
          ],
          "processing": null,
          "receipt_email": null,
          "review": null,
          "setup_future_usage": null,
          "shipping": null,
          "source": null,
          "statement_descriptor": null,
          "statement_descriptor_suffix": null,
          "status": "succeeded",
          "transfer_data": null,
          "transfer_group": null
        }
<<<<<<< HEAD
  recorded_at: Wed, 07 Feb 2024 16:28:17 GMT
=======
  recorded_at: Tue, 06 Feb 2024 22:47:20 GMT
>>>>>>> 97b18eeb8a (Filter out STRIPE_INSTANCE_SECRET_KEY from cassettes)
recorded_with: VCR 6.2.0
