---
http_interactions:
- request:
    method: post
    uri: https://api.stripe.com/v1/tokens
    body:
      encoding: UTF-8
      string: card[number]=4242424242424242&card[exp_month]=9&card[exp_year]=2024&card[cvc]=314
    headers:
      User-Agent:
      - Stripe/v1 RubyBindings/10.3.0
      Authorization:
      - Bearer <HIDDEN_KEY>
      Content-Type:
      - application/x-www-form-urlencoded
      Stripe-Version:
      - '2023-10-16'
      X-Stripe-Client-User-Agent:
      - '{"bindings_version":"10.3.0","lang":"ruby","lang_version":"3.1.4 p223 (2023-03-30)","platform":"x86_64-linux","engine":"ruby","publisher":"stripe","uname":"Linux
        version 6.1.0-13-amd64 (debian-kernel@lists.debian.org) (gcc-12 (Debian 12.2.0-14)
        12.2.0, GNU ld (GNU Binutils for Debian) 2.40) #1 SMP PREEMPT_DYNAMIC Debian
        6.1.55-1 (2023-09-29)","hostname":"blackbox"}'
      Accept-Encoding:
      - gzip;q=1.0,deflate;q=0.6,identity;q=0.3
      Accept:
      - "*/*"
  response:
    status:
      code: 200
      message: OK
    headers:
      Server:
      - nginx
      Date:
      - Mon, 18 Dec 2023 02:58:24 GMT
      Content-Type:
      - application/json
      Content-Length:
      - '799'
      Connection:
      - keep-alive
      Access-Control-Allow-Credentials:
      - 'true'
      Access-Control-Allow-Methods:
      - GET,HEAD,PUT,PATCH,POST,DELETE
      Access-Control-Allow-Origin:
      - "*"
      Access-Control-Expose-Headers:
      - Request-Id, Stripe-Manage-Version, Stripe-Should-Retry, X-Stripe-External-Auth-Required,
        X-Stripe-Privileged-Session-Required
      Access-Control-Max-Age:
      - '300'
      Cache-Control:
      - no-cache, no-store
      Content-Security-Policy:
      - report-uri https://q.stripe.com/csp-report?p=v1%2Ftokens; block-all-mixed-content;
        default-src 'none'; base-uri 'none'; form-action 'none'; frame-ancestors 'none';
        img-src 'self'; script-src 'self' 'report-sample'; style-src 'self'
      Idempotency-Key:
      - ebc73377-e52f-430d-9b6d-2a69f6c52c02
      Original-Request:
      - req_ucjYRmi2DHi6IP
      Request-Id:
      - req_ucjYRmi2DHi6IP
      Stripe-Should-Retry:
      - 'false'
      Stripe-Version:
      - '2023-10-16'
      Vary:
      - Origin
      X-Stripe-Routing-Context-Priority-Tier:
      - api-testmode
      Strict-Transport-Security:
      - max-age=63072000; includeSubDomains; preload
    body:
      encoding: UTF-8
      string: |-
        {
          "id": "tok_1OOX2CKuuB1fWySntLJBOKII",
          "object": "token",
          "card": {
            "id": "card_1OOX2BKuuB1fWySnBm8Bv3KM",
            "object": "card",
            "address_city": null,
            "address_country": null,
            "address_line1": null,
            "address_line1_check": null,
            "address_line2": null,
            "address_state": null,
            "address_zip": null,
            "address_zip_check": null,
            "brand": "Visa",
            "country": "US",
            "cvc_check": "unchecked",
            "dynamic_last4": null,
            "exp_month": 9,
            "exp_year": 2024,
            "fingerprint": "6E6tgVjx6U65iHFV",
            "funding": "credit",
            "last4": "4242",
            "metadata": {},
            "name": null,
            "tokenization_method": null,
            "wallet": null
          },
          "client_ip": "115.166.46.30",
          "created": 1702868304,
          "livemode": false,
          "type": "card",
          "used": false
        }
  recorded_at: Mon, 18 Dec 2023 02:58:24 GMT
- request:
    method: post
    uri: https://api.stripe.com/v1/customers
    body:
      encoding: UTF-8
      string: email=damion.walker%40yundt.us&source=tok_1OOX2CKuuB1fWySntLJBOKII
    headers:
      User-Agent:
      - Stripe/v1 RubyBindings/10.3.0
      Authorization:
      - Bearer <HIDDEN_KEY>
      Content-Type:
      - application/x-www-form-urlencoded
      X-Stripe-Client-Telemetry:
      - '{"last_request_metrics":{"request_id":"req_ucjYRmi2DHi6IP","request_duration_ms":817}}'
      Stripe-Version:
      - '2023-10-16'
      X-Stripe-Client-User-Agent:
      - '{"bindings_version":"10.3.0","lang":"ruby","lang_version":"3.1.4 p223 (2023-03-30)","platform":"x86_64-linux","engine":"ruby","publisher":"stripe","uname":"Linux
        version 6.1.0-13-amd64 (debian-kernel@lists.debian.org) (gcc-12 (Debian 12.2.0-14)
        12.2.0, GNU ld (GNU Binutils for Debian) 2.40) #1 SMP PREEMPT_DYNAMIC Debian
        6.1.55-1 (2023-09-29)","hostname":"blackbox"}'
      Accept-Encoding:
      - gzip;q=1.0,deflate;q=0.6,identity;q=0.3
      Accept:
      - "*/*"
  response:
    status:
      code: 200
      message: OK
    headers:
      Server:
      - nginx
      Date:
      - Mon, 18 Dec 2023 02:58:25 GMT
      Content-Type:
      - application/json
      Content-Length:
      - '661'
      Connection:
      - keep-alive
      Access-Control-Allow-Credentials:
      - 'true'
      Access-Control-Allow-Methods:
      - GET,HEAD,PUT,PATCH,POST,DELETE
      Access-Control-Allow-Origin:
      - "*"
      Access-Control-Expose-Headers:
      - Request-Id, Stripe-Manage-Version, Stripe-Should-Retry, X-Stripe-External-Auth-Required,
        X-Stripe-Privileged-Session-Required
      Access-Control-Max-Age:
      - '300'
      Cache-Control:
      - no-cache, no-store
      Content-Security-Policy:
      - report-uri https://q.stripe.com/csp-report?p=v1%2Fcustomers; block-all-mixed-content;
        default-src 'none'; base-uri 'none'; form-action 'none'; frame-ancestors 'none';
        img-src 'self'; script-src 'self' 'report-sample'; style-src 'self'
      Idempotency-Key:
      - e00078c9-ef00-4403-8f63-6687cf187a0c
      Original-Request:
      - req_ZJsrJu3Ut5fd9B
      Request-Id:
      - req_ZJsrJu3Ut5fd9B
      Stripe-Should-Retry:
      - 'false'
      Stripe-Version:
      - '2023-10-16'
      Vary:
      - Origin
      X-Stripe-Routing-Context-Priority-Tier:
      - api-testmode
      Strict-Transport-Security:
      - max-age=63072000; includeSubDomains; preload
    body:
      encoding: UTF-8
      string: |-
        {
          "id": "cus_PCwwguiYh0i21F",
          "object": "customer",
          "address": null,
          "balance": 0,
          "created": 1702868304,
          "currency": null,
          "default_source": "card_1OOX2BKuuB1fWySnBm8Bv3KM",
          "delinquent": false,
          "description": null,
          "discount": null,
          "email": "damion.walker@yundt.us",
          "invoice_prefix": "8A8C7B1F",
          "invoice_settings": {
            "custom_fields": null,
            "default_payment_method": null,
            "footer": null,
            "rendering_options": null
          },
          "livemode": false,
          "metadata": {},
          "name": null,
          "next_invoice_sequence": 1,
          "phone": null,
          "preferred_locales": [],
          "shipping": null,
          "tax_exempt": "none",
          "test_clock": null
        }
  recorded_at: Mon, 18 Dec 2023 02:58:25 GMT
- request:
    method: get
    uri: https://api.stripe.com/v1/customers/cus_PCwwguiYh0i21F/sources?limit=1&object=card
    body:
      encoding: US-ASCII
      string: ''
    headers:
      User-Agent:
      - Stripe/v1 RubyBindings/10.3.0
      Authorization:
      - Bearer <HIDDEN_KEY>
      Content-Type:
      - application/x-www-form-urlencoded
      X-Stripe-Client-Telemetry:
      - '{"last_request_metrics":{"request_id":"req_ZJsrJu3Ut5fd9B","request_duration_ms":1057}}'
      Stripe-Version:
      - '2023-10-16'
      X-Stripe-Client-User-Agent:
      - '{"bindings_version":"10.3.0","lang":"ruby","lang_version":"3.1.4 p223 (2023-03-30)","platform":"x86_64-linux","engine":"ruby","publisher":"stripe","uname":"Linux
        version 6.1.0-13-amd64 (debian-kernel@lists.debian.org) (gcc-12 (Debian 12.2.0-14)
        12.2.0, GNU ld (GNU Binutils for Debian) 2.40) #1 SMP PREEMPT_DYNAMIC Debian
        6.1.55-1 (2023-09-29)","hostname":"blackbox"}'
      Accept-Encoding:
      - gzip;q=1.0,deflate;q=0.6,identity;q=0.3
      Accept:
      - "*/*"
  response:
    status:
      code: 200
      message: OK
    headers:
      Server:
      - nginx
      Date:
      - Mon, 18 Dec 2023 02:58:26 GMT
      Content-Type:
      - application/json
      Content-Length:
      - '812'
      Connection:
      - keep-alive
      Access-Control-Allow-Credentials:
      - 'true'
      Access-Control-Allow-Methods:
      - GET,HEAD,PUT,PATCH,POST,DELETE
      Access-Control-Allow-Origin:
      - "*"
      Access-Control-Expose-Headers:
      - Request-Id, Stripe-Manage-Version, Stripe-Should-Retry, X-Stripe-External-Auth-Required,
        X-Stripe-Privileged-Session-Required
      Access-Control-Max-Age:
      - '300'
      Cache-Control:
      - no-cache, no-store
      Content-Security-Policy:
      - report-uri https://q.stripe.com/csp-report?p=v1%2Fcustomers%2F%3Acustomer%2Fsources;
        block-all-mixed-content; default-src 'none'; base-uri 'none'; form-action
        'none'; frame-ancestors 'none'; img-src 'self'; script-src 'self' 'report-sample';
        style-src 'self'
      Request-Id:
      - req_nG6iKvmXXwyOql
      Stripe-Version:
      - '2023-10-16'
      Vary:
      - Origin
      X-Stripe-Routing-Context-Priority-Tier:
      - api-testmode
      Strict-Transport-Security:
      - max-age=63072000; includeSubDomains; preload
    body:
      encoding: UTF-8
      string: |-
        {
          "object": "list",
          "data": [
            {
              "id": "card_1OOX2BKuuB1fWySnBm8Bv3KM",
              "object": "card",
              "address_city": null,
              "address_country": null,
              "address_line1": null,
              "address_line1_check": null,
              "address_line2": null,
              "address_state": null,
              "address_zip": null,
              "address_zip_check": null,
              "brand": "Visa",
              "country": "US",
              "customer": "cus_PCwwguiYh0i21F",
              "cvc_check": "pass",
              "dynamic_last4": null,
              "exp_month": 9,
              "exp_year": 2024,
              "fingerprint": "6E6tgVjx6U65iHFV",
              "funding": "credit",
              "last4": "4242",
              "metadata": {},
              "name": null,
              "tokenization_method": null,
              "wallet": null
            }
          ],
          "has_more": false,
          "url": "/v1/customers/cus_PCwwguiYh0i21F/sources"
        }
  recorded_at: Mon, 18 Dec 2023 02:58:26 GMT
recorded_with: VCR 6.2.0
