---
http_interactions:
- request:
    method: post
    uri: https://api.stripe.com/v1/payment_methods
    body:
      encoding: UTF-8
      string: type=card&card[number]=6555900000604105&card[exp_month]=12&card[exp_year]=2025&card[cvc]=314
    headers:
      User-Agent:
      - Stripe/v1 RubyBindings/10.6.0
      Authorization:
      - Bearer <HIDDEN-STRIPE_INSTANCE_SECRET_KEY>
      Content-Type:
      - application/x-www-form-urlencoded
      X-Stripe-Client-Telemetry:
<<<<<<< HEAD
      - '{"last_request_metrics":{"request_id":"req_wKV0e4xiz6uxbq","request_duration_ms":1146}}'
      Stripe-Version:
      - '2023-10-16'
      X-Stripe-Client-User-Agent:
      - '{"bindings_version":"10.6.0","lang":"ruby","lang_version":"3.1.4 p223 (2023-03-30)","platform":"x86_64-linux","engine":"ruby","publisher":"stripe","uname":"Linux
        version 6.5.0-15-generic (buildd@bos03-amd64-040) (x86_64-linux-gnu-gcc-12
        (Ubuntu 12.3.0-1ubuntu1~22.04) 12.3.0, GNU ld (GNU Binutils for Ubuntu) 2.38)
        #15~22.04.1-Ubuntu SMP PREEMPT_DYNAMIC Fri Jan 12 18:54:30 UTC 2","hostname":"ff-LAT"}'
=======
      - '{"last_request_metrics":{"request_id":"req_tSTN85WgKFfB76","request_duration_ms":975}}'
      Stripe-Version:
      - '2023-10-16'
      X-Stripe-Client-User-Agent:
      - '{"bindings_version":"10.6.0","lang":"ruby","lang_version":"3.1.4 p223 (2023-03-30)","platform":"x86_64-darwin19","engine":"ruby","publisher":"stripe","uname":"Darwin
        MacBook-Pro.local 23.3.0 Darwin Kernel Version 23.3.0: Wed Dec 20 21:28:58
        PST 2023; root:xnu-10002.81.5~7/RELEASE_X86_64 x86_64","hostname":"MacBook-Pro.local"}'
>>>>>>> 97b18eeb8a (Filter out STRIPE_INSTANCE_SECRET_KEY from cassettes)
      Accept-Encoding:
      - gzip;q=1.0,deflate;q=0.6,identity;q=0.3
      Accept:
      - "*/*"
  response:
    status:
      code: 200
      message: OK
    headers:
      Server:
      - nginx
      Date:
<<<<<<< HEAD
      - Wed, 07 Feb 2024 16:29:17 GMT
=======
      - Tue, 06 Feb 2024 22:48:10 GMT
>>>>>>> 97b18eeb8a (Filter out STRIPE_INSTANCE_SECRET_KEY from cassettes)
      Content-Type:
      - application/json
      Content-Length:
      - '939'
      Connection:
      - keep-alive
      Access-Control-Allow-Credentials:
      - 'true'
      Access-Control-Allow-Methods:
      - GET,HEAD,PUT,PATCH,POST,DELETE
      Access-Control-Allow-Origin:
      - "*"
      Access-Control-Expose-Headers:
      - Request-Id, Stripe-Manage-Version, Stripe-Should-Retry, X-Stripe-External-Auth-Required,
        X-Stripe-Privileged-Session-Required
      Access-Control-Max-Age:
      - '300'
      Cache-Control:
      - no-cache, no-store
      Content-Security-Policy:
      - report-uri https://q.stripe.com/csp-report?p=v1%2Fpayment_methods; block-all-mixed-content;
        default-src 'none'; base-uri 'none'; form-action 'none'; frame-ancestors 'none';
        img-src 'self'; script-src 'self' 'report-sample'; style-src 'self'
      Idempotency-Key:
<<<<<<< HEAD
      - d63adfd1-8dbc-497e-9ab9-75e0aead0693
      Original-Request:
      - req_Q5tTwl8R1L8KCQ
      Request-Id:
      - req_Q5tTwl8R1L8KCQ
=======
      - 2429e65d-485a-4d1d-ad7e-cc55df76d694
      Original-Request:
      - req_JvAlRBRRSFuftq
      Request-Id:
      - req_JvAlRBRRSFuftq
>>>>>>> 97b18eeb8a (Filter out STRIPE_INSTANCE_SECRET_KEY from cassettes)
      Stripe-Should-Retry:
      - 'false'
      Stripe-Version:
      - '2023-10-16'
      Vary:
      - Origin
      X-Stripe-Non-Api-Overhead-Duration-Ms:
<<<<<<< HEAD
      - '251.0'
=======
      - '215.0'
>>>>>>> 97b18eeb8a (Filter out STRIPE_INSTANCE_SECRET_KEY from cassettes)
      X-Stripe-Routing-Context-Priority-Tier:
      - api-testmode
      Strict-Transport-Security:
      - max-age=63072000; includeSubDomains; preload
    body:
      encoding: UTF-8
      string: |-
        {
<<<<<<< HEAD
          "id": "pm_1OhDztKuuB1fWySnyG6PcdEF",
=======
          "id": "pm_1OgxR0KuuB1fWySng6VHdVkA",
>>>>>>> 97b18eeb8a (Filter out STRIPE_INSTANCE_SECRET_KEY from cassettes)
          "object": "payment_method",
          "billing_details": {
            "address": {
              "city": null,
              "country": null,
              "line1": null,
              "line2": null,
              "postal_code": null,
              "state": null
            },
            "email": null,
            "name": null,
            "phone": null
          },
          "card": {
            "brand": "discover",
            "checks": {
              "address_line1_check": null,
              "address_postal_code_check": null,
              "cvc_check": "unchecked"
            },
            "country": "US",
            "exp_month": 12,
            "exp_year": 2025,
            "fingerprint": "7NZ8adObS8Rw8HOq",
            "funding": "credit",
            "generated_from": null,
            "last4": "4105",
            "networks": {
              "available": [
                "discover"
              ],
              "preferred": null
            },
            "three_d_secure_usage": {
              "supported": true
            },
            "wallet": null
          },
<<<<<<< HEAD
          "created": 1707323357,
=======
          "created": 1707259690,
>>>>>>> 97b18eeb8a (Filter out STRIPE_INSTANCE_SECRET_KEY from cassettes)
          "customer": null,
          "livemode": false,
          "metadata": {},
          "type": "card"
        }
<<<<<<< HEAD
  recorded_at: Wed, 07 Feb 2024 16:29:17 GMT
=======
  recorded_at: Tue, 06 Feb 2024 22:48:10 GMT
>>>>>>> 97b18eeb8a (Filter out STRIPE_INSTANCE_SECRET_KEY from cassettes)
- request:
    method: post
    uri: https://api.stripe.com/v1/payment_intents
    body:
      encoding: UTF-8
<<<<<<< HEAD
      string: amount=100&currency=eur&payment_method=pm_1OhDztKuuB1fWySnyG6PcdEF&payment_method_types[0]=card&capture_method=manual
=======
      string: amount=100&currency=eur&payment_method=pm_1OgxR0KuuB1fWySng6VHdVkA&payment_method_types[0]=card&capture_method=manual
>>>>>>> 97b18eeb8a (Filter out STRIPE_INSTANCE_SECRET_KEY from cassettes)
    headers:
      User-Agent:
      - Stripe/v1 RubyBindings/10.6.0
      Authorization:
      - Bearer <HIDDEN-STRIPE_INSTANCE_SECRET_KEY>
      Content-Type:
      - application/x-www-form-urlencoded
      X-Stripe-Client-Telemetry:
<<<<<<< HEAD
      - '{"last_request_metrics":{"request_id":"req_Q5tTwl8R1L8KCQ","request_duration_ms":496}}'
      Stripe-Version:
      - '2023-10-16'
      X-Stripe-Client-User-Agent:
      - '{"bindings_version":"10.6.0","lang":"ruby","lang_version":"3.1.4 p223 (2023-03-30)","platform":"x86_64-linux","engine":"ruby","publisher":"stripe","uname":"Linux
        version 6.5.0-15-generic (buildd@bos03-amd64-040) (x86_64-linux-gnu-gcc-12
        (Ubuntu 12.3.0-1ubuntu1~22.04) 12.3.0, GNU ld (GNU Binutils for Ubuntu) 2.38)
        #15~22.04.1-Ubuntu SMP PREEMPT_DYNAMIC Fri Jan 12 18:54:30 UTC 2","hostname":"ff-LAT"}'
=======
      - '{"last_request_metrics":{"request_id":"req_JvAlRBRRSFuftq","request_duration_ms":418}}'
      Stripe-Version:
      - '2023-10-16'
      X-Stripe-Client-User-Agent:
      - '{"bindings_version":"10.6.0","lang":"ruby","lang_version":"3.1.4 p223 (2023-03-30)","platform":"x86_64-darwin19","engine":"ruby","publisher":"stripe","uname":"Darwin
        MacBook-Pro.local 23.3.0 Darwin Kernel Version 23.3.0: Wed Dec 20 21:28:58
        PST 2023; root:xnu-10002.81.5~7/RELEASE_X86_64 x86_64","hostname":"MacBook-Pro.local"}'
>>>>>>> 97b18eeb8a (Filter out STRIPE_INSTANCE_SECRET_KEY from cassettes)
      Accept-Encoding:
      - gzip;q=1.0,deflate;q=0.6,identity;q=0.3
      Accept:
      - "*/*"
  response:
    status:
      code: 200
      message: OK
    headers:
      Server:
      - nginx
      Date:
<<<<<<< HEAD
      - Wed, 07 Feb 2024 16:29:18 GMT
=======
      - Tue, 06 Feb 2024 22:48:11 GMT
>>>>>>> 97b18eeb8a (Filter out STRIPE_INSTANCE_SECRET_KEY from cassettes)
      Content-Type:
      - application/json
      Content-Length:
      - '1343'
      Connection:
      - keep-alive
      Access-Control-Allow-Credentials:
      - 'true'
      Access-Control-Allow-Methods:
      - GET,HEAD,PUT,PATCH,POST,DELETE
      Access-Control-Allow-Origin:
      - "*"
      Access-Control-Expose-Headers:
      - Request-Id, Stripe-Manage-Version, Stripe-Should-Retry, X-Stripe-External-Auth-Required,
        X-Stripe-Privileged-Session-Required
      Access-Control-Max-Age:
      - '300'
      Cache-Control:
      - no-cache, no-store
      Content-Security-Policy:
      - report-uri https://q.stripe.com/csp-report?p=v1%2Fpayment_intents; block-all-mixed-content;
        default-src 'none'; base-uri 'none'; form-action 'none'; frame-ancestors 'none';
        img-src 'self'; script-src 'self' 'report-sample'; style-src 'self'
      Idempotency-Key:
<<<<<<< HEAD
      - d51b205c-3ad6-4dbc-98b0-9dd9932a025f
      Original-Request:
      - req_Rs5hcUkagWpih1
      Request-Id:
      - req_Rs5hcUkagWpih1
=======
      - e579ba62-69aa-4233-9cdc-ec635e1c5d86
      Original-Request:
      - req_vSR3VspguCc5R5
      Request-Id:
      - req_vSR3VspguCc5R5
>>>>>>> 97b18eeb8a (Filter out STRIPE_INSTANCE_SECRET_KEY from cassettes)
      Stripe-Should-Retry:
      - 'false'
      Stripe-Version:
      - '2023-10-16'
      Vary:
      - Origin
      X-Stripe-Non-Api-Overhead-Duration-Ms:
<<<<<<< HEAD
      - '219.0'
=======
      - '190.0'
>>>>>>> 97b18eeb8a (Filter out STRIPE_INSTANCE_SECRET_KEY from cassettes)
      X-Stripe-Routing-Context-Priority-Tier:
      - api-testmode
      Strict-Transport-Security:
      - max-age=63072000; includeSubDomains; preload
    body:
      encoding: UTF-8
      string: |-
        {
<<<<<<< HEAD
          "id": "pi_3OhDzuKuuB1fWySn2oR22NHq",
=======
          "id": "pi_3OgxR1KuuB1fWySn2GOjGRhZ",
>>>>>>> 97b18eeb8a (Filter out STRIPE_INSTANCE_SECRET_KEY from cassettes)
          "object": "payment_intent",
          "amount": 100,
          "amount_capturable": 0,
          "amount_details": {
            "tip": {}
          },
          "amount_received": 0,
          "application": null,
          "application_fee_amount": null,
          "automatic_payment_methods": null,
          "canceled_at": null,
          "cancellation_reason": null,
          "capture_method": "manual",
<<<<<<< HEAD
          "client_secret": "pi_3OhDzuKuuB1fWySn2oR22NHq_secret_Zdeh40P8pQqH982arQWubbm04",
          "confirmation_method": "automatic",
          "created": 1707323358,
=======
          "client_secret": "pi_3OgxR1KuuB1fWySn2GOjGRhZ_secret_cNbbuewoh97RdN2pZYwcLhkys",
          "confirmation_method": "automatic",
          "created": 1707259691,
>>>>>>> 97b18eeb8a (Filter out STRIPE_INSTANCE_SECRET_KEY from cassettes)
          "currency": "eur",
          "customer": null,
          "description": null,
          "invoice": null,
          "last_payment_error": null,
          "latest_charge": null,
          "livemode": false,
          "metadata": {},
          "next_action": null,
          "on_behalf_of": null,
<<<<<<< HEAD
          "payment_method": "pm_1OhDztKuuB1fWySnyG6PcdEF",
=======
          "payment_method": "pm_1OgxR0KuuB1fWySng6VHdVkA",
>>>>>>> 97b18eeb8a (Filter out STRIPE_INSTANCE_SECRET_KEY from cassettes)
          "payment_method_configuration_details": null,
          "payment_method_options": {
            "card": {
              "installments": null,
              "mandate_options": null,
              "network": null,
              "request_three_d_secure": "automatic"
            }
          },
          "payment_method_types": [
            "card"
          ],
          "processing": null,
          "receipt_email": null,
          "review": null,
          "setup_future_usage": null,
          "shipping": null,
          "source": null,
          "statement_descriptor": null,
          "statement_descriptor_suffix": null,
          "status": "requires_confirmation",
          "transfer_data": null,
          "transfer_group": null
        }
<<<<<<< HEAD
  recorded_at: Wed, 07 Feb 2024 16:29:18 GMT
- request:
    method: post
    uri: https://api.stripe.com/v1/payment_intents/pi_3OhDzuKuuB1fWySn2oR22NHq/confirm
=======
  recorded_at: Tue, 06 Feb 2024 22:48:11 GMT
- request:
    method: post
    uri: https://api.stripe.com/v1/payment_intents/pi_3OgxR1KuuB1fWySn2GOjGRhZ/confirm
>>>>>>> 97b18eeb8a (Filter out STRIPE_INSTANCE_SECRET_KEY from cassettes)
    body:
      encoding: US-ASCII
      string: ''
    headers:
      User-Agent:
      - Stripe/v1 RubyBindings/10.6.0
      Authorization:
      - Bearer <HIDDEN-STRIPE_INSTANCE_SECRET_KEY>
      Content-Type:
      - application/x-www-form-urlencoded
      X-Stripe-Client-Telemetry:
<<<<<<< HEAD
      - '{"last_request_metrics":{"request_id":"req_Rs5hcUkagWpih1","request_duration_ms":519}}'
      Stripe-Version:
      - '2023-10-16'
      X-Stripe-Client-User-Agent:
      - '{"bindings_version":"10.6.0","lang":"ruby","lang_version":"3.1.4 p223 (2023-03-30)","platform":"x86_64-linux","engine":"ruby","publisher":"stripe","uname":"Linux
        version 6.5.0-15-generic (buildd@bos03-amd64-040) (x86_64-linux-gnu-gcc-12
        (Ubuntu 12.3.0-1ubuntu1~22.04) 12.3.0, GNU ld (GNU Binutils for Ubuntu) 2.38)
        #15~22.04.1-Ubuntu SMP PREEMPT_DYNAMIC Fri Jan 12 18:54:30 UTC 2","hostname":"ff-LAT"}'
=======
      - '{"last_request_metrics":{"request_id":"req_vSR3VspguCc5R5","request_duration_ms":382}}'
      Stripe-Version:
      - '2023-10-16'
      X-Stripe-Client-User-Agent:
      - '{"bindings_version":"10.6.0","lang":"ruby","lang_version":"3.1.4 p223 (2023-03-30)","platform":"x86_64-darwin19","engine":"ruby","publisher":"stripe","uname":"Darwin
        MacBook-Pro.local 23.3.0 Darwin Kernel Version 23.3.0: Wed Dec 20 21:28:58
        PST 2023; root:xnu-10002.81.5~7/RELEASE_X86_64 x86_64","hostname":"MacBook-Pro.local"}'
>>>>>>> 97b18eeb8a (Filter out STRIPE_INSTANCE_SECRET_KEY from cassettes)
      Accept-Encoding:
      - gzip;q=1.0,deflate;q=0.6,identity;q=0.3
      Accept:
      - "*/*"
  response:
    status:
      code: 200
      message: OK
    headers:
      Server:
      - nginx
      Date:
<<<<<<< HEAD
      - Wed, 07 Feb 2024 16:29:19 GMT
=======
      - Tue, 06 Feb 2024 22:48:12 GMT
>>>>>>> 97b18eeb8a (Filter out STRIPE_INSTANCE_SECRET_KEY from cassettes)
      Content-Type:
      - application/json
      Content-Length:
      - '1365'
      Connection:
      - keep-alive
      Access-Control-Allow-Credentials:
      - 'true'
      Access-Control-Allow-Methods:
      - GET,HEAD,PUT,PATCH,POST,DELETE
      Access-Control-Allow-Origin:
      - "*"
      Access-Control-Expose-Headers:
      - Request-Id, Stripe-Manage-Version, Stripe-Should-Retry, X-Stripe-External-Auth-Required,
        X-Stripe-Privileged-Session-Required
      Access-Control-Max-Age:
      - '300'
      Cache-Control:
      - no-cache, no-store
      Content-Security-Policy:
      - report-uri https://q.stripe.com/csp-report?p=v1%2Fpayment_intents%2F%3Aintent%2Fconfirm;
        block-all-mixed-content; default-src 'none'; base-uri 'none'; form-action
        'none'; frame-ancestors 'none'; img-src 'self'; script-src 'self' 'report-sample';
        style-src 'self'
      Idempotency-Key:
<<<<<<< HEAD
      - c608854d-8f41-4620-967e-f7f73cbc3aaf
      Original-Request:
      - req_QHNMfTNRjldhuc
      Request-Id:
      - req_QHNMfTNRjldhuc
=======
      - bef161da-bac9-43bb-8760-d08e3a2478f7
      Original-Request:
      - req_oMIlh9ByOHrTRl
      Request-Id:
      - req_oMIlh9ByOHrTRl
>>>>>>> 97b18eeb8a (Filter out STRIPE_INSTANCE_SECRET_KEY from cassettes)
      Stripe-Should-Retry:
      - 'false'
      Stripe-Version:
      - '2023-10-16'
      Vary:
      - Origin
      X-Stripe-Non-Api-Overhead-Duration-Ms:
<<<<<<< HEAD
      - '785.0'
=======
      - '686.0'
>>>>>>> 97b18eeb8a (Filter out STRIPE_INSTANCE_SECRET_KEY from cassettes)
      X-Stripe-Routing-Context-Priority-Tier:
      - api-testmode
      Strict-Transport-Security:
      - max-age=63072000; includeSubDomains; preload
    body:
      encoding: UTF-8
      string: |-
        {
<<<<<<< HEAD
          "id": "pi_3OhDzuKuuB1fWySn2oR22NHq",
=======
          "id": "pi_3OgxR1KuuB1fWySn2GOjGRhZ",
>>>>>>> 97b18eeb8a (Filter out STRIPE_INSTANCE_SECRET_KEY from cassettes)
          "object": "payment_intent",
          "amount": 100,
          "amount_capturable": 100,
          "amount_details": {
            "tip": {}
          },
          "amount_received": 0,
          "application": null,
          "application_fee_amount": null,
          "automatic_payment_methods": null,
          "canceled_at": null,
          "cancellation_reason": null,
          "capture_method": "manual",
<<<<<<< HEAD
          "client_secret": "pi_3OhDzuKuuB1fWySn2oR22NHq_secret_Zdeh40P8pQqH982arQWubbm04",
          "confirmation_method": "automatic",
          "created": 1707323358,
=======
          "client_secret": "pi_3OgxR1KuuB1fWySn2GOjGRhZ_secret_cNbbuewoh97RdN2pZYwcLhkys",
          "confirmation_method": "automatic",
          "created": 1707259691,
>>>>>>> 97b18eeb8a (Filter out STRIPE_INSTANCE_SECRET_KEY from cassettes)
          "currency": "eur",
          "customer": null,
          "description": null,
          "invoice": null,
          "last_payment_error": null,
<<<<<<< HEAD
          "latest_charge": "ch_3OhDzuKuuB1fWySn2q83Ks4p",
=======
          "latest_charge": "ch_3OgxR1KuuB1fWySn2V1GJ7vN",
>>>>>>> 97b18eeb8a (Filter out STRIPE_INSTANCE_SECRET_KEY from cassettes)
          "livemode": false,
          "metadata": {},
          "next_action": null,
          "on_behalf_of": null,
<<<<<<< HEAD
          "payment_method": "pm_1OhDztKuuB1fWySnyG6PcdEF",
=======
          "payment_method": "pm_1OgxR0KuuB1fWySng6VHdVkA",
>>>>>>> 97b18eeb8a (Filter out STRIPE_INSTANCE_SECRET_KEY from cassettes)
          "payment_method_configuration_details": null,
          "payment_method_options": {
            "card": {
              "installments": null,
              "mandate_options": null,
              "network": null,
              "request_three_d_secure": "automatic"
            }
          },
          "payment_method_types": [
            "card"
          ],
          "processing": null,
          "receipt_email": null,
          "review": null,
          "setup_future_usage": null,
          "shipping": null,
          "source": null,
          "statement_descriptor": null,
          "statement_descriptor_suffix": null,
          "status": "requires_capture",
          "transfer_data": null,
          "transfer_group": null
        }
<<<<<<< HEAD
  recorded_at: Wed, 07 Feb 2024 16:29:19 GMT
- request:
    method: get
    uri: https://api.stripe.com/v1/payment_intents/pi_3OhDzuKuuB1fWySn2oR22NHq
=======
  recorded_at: Tue, 06 Feb 2024 22:48:12 GMT
- request:
    method: get
    uri: https://api.stripe.com/v1/payment_intents/pi_3OgxR1KuuB1fWySn2GOjGRhZ
>>>>>>> 97b18eeb8a (Filter out STRIPE_INSTANCE_SECRET_KEY from cassettes)
    body:
      encoding: US-ASCII
      string: ''
    headers:
      User-Agent:
      - Stripe/v1 RubyBindings/10.6.0
      Authorization:
      - Bearer <HIDDEN-STRIPE_INSTANCE_SECRET_KEY>
      Content-Type:
      - application/x-www-form-urlencoded
      X-Stripe-Client-Telemetry:
<<<<<<< HEAD
      - '{"last_request_metrics":{"request_id":"req_QHNMfTNRjldhuc","request_duration_ms":1056}}'
      Stripe-Version:
      - '2023-10-16'
      X-Stripe-Client-User-Agent:
      - '{"bindings_version":"10.6.0","lang":"ruby","lang_version":"3.1.4 p223 (2023-03-30)","platform":"x86_64-linux","engine":"ruby","publisher":"stripe","uname":"Linux
        version 6.5.0-15-generic (buildd@bos03-amd64-040) (x86_64-linux-gnu-gcc-12
        (Ubuntu 12.3.0-1ubuntu1~22.04) 12.3.0, GNU ld (GNU Binutils for Ubuntu) 2.38)
        #15~22.04.1-Ubuntu SMP PREEMPT_DYNAMIC Fri Jan 12 18:54:30 UTC 2","hostname":"ff-LAT"}'
=======
      - '{"last_request_metrics":{"request_id":"req_oMIlh9ByOHrTRl","request_duration_ms":871}}'
      Stripe-Version:
      - '2023-10-16'
      X-Stripe-Client-User-Agent:
      - '{"bindings_version":"10.6.0","lang":"ruby","lang_version":"3.1.4 p223 (2023-03-30)","platform":"x86_64-darwin19","engine":"ruby","publisher":"stripe","uname":"Darwin
        MacBook-Pro.local 23.3.0 Darwin Kernel Version 23.3.0: Wed Dec 20 21:28:58
        PST 2023; root:xnu-10002.81.5~7/RELEASE_X86_64 x86_64","hostname":"MacBook-Pro.local"}'
>>>>>>> 97b18eeb8a (Filter out STRIPE_INSTANCE_SECRET_KEY from cassettes)
      Accept-Encoding:
      - gzip;q=1.0,deflate;q=0.6,identity;q=0.3
      Accept:
      - "*/*"
  response:
    status:
      code: 200
      message: OK
    headers:
      Server:
      - nginx
      Date:
<<<<<<< HEAD
      - Wed, 07 Feb 2024 16:29:19 GMT
=======
      - Tue, 06 Feb 2024 22:48:12 GMT
>>>>>>> 97b18eeb8a (Filter out STRIPE_INSTANCE_SECRET_KEY from cassettes)
      Content-Type:
      - application/json
      Content-Length:
      - '1365'
      Connection:
      - keep-alive
      Access-Control-Allow-Credentials:
      - 'true'
      Access-Control-Allow-Methods:
      - GET,HEAD,PUT,PATCH,POST,DELETE
      Access-Control-Allow-Origin:
      - "*"
      Access-Control-Expose-Headers:
      - Request-Id, Stripe-Manage-Version, Stripe-Should-Retry, X-Stripe-External-Auth-Required,
        X-Stripe-Privileged-Session-Required
      Access-Control-Max-Age:
      - '300'
      Cache-Control:
      - no-cache, no-store
      Content-Security-Policy:
      - report-uri https://q.stripe.com/csp-report?p=v1%2Fpayment_intents%2F%3Aintent;
        block-all-mixed-content; default-src 'none'; base-uri 'none'; form-action
        'none'; frame-ancestors 'none'; img-src 'self'; script-src 'self' 'report-sample';
        style-src 'self'
      Request-Id:
<<<<<<< HEAD
      - req_Qi9IHwmCHicjaQ
=======
      - req_7Di7xINtgg1N6Q
>>>>>>> 97b18eeb8a (Filter out STRIPE_INSTANCE_SECRET_KEY from cassettes)
      Stripe-Version:
      - '2023-10-16'
      Vary:
      - Origin
      X-Stripe-Non-Api-Overhead-Duration-Ms:
<<<<<<< HEAD
      - '87.0'
=======
      - '63.0'
>>>>>>> 97b18eeb8a (Filter out STRIPE_INSTANCE_SECRET_KEY from cassettes)
      X-Stripe-Routing-Context-Priority-Tier:
      - api-testmode
      Strict-Transport-Security:
      - max-age=63072000; includeSubDomains; preload
    body:
      encoding: UTF-8
      string: |-
        {
<<<<<<< HEAD
          "id": "pi_3OhDzuKuuB1fWySn2oR22NHq",
=======
          "id": "pi_3OgxR1KuuB1fWySn2GOjGRhZ",
>>>>>>> 97b18eeb8a (Filter out STRIPE_INSTANCE_SECRET_KEY from cassettes)
          "object": "payment_intent",
          "amount": 100,
          "amount_capturable": 100,
          "amount_details": {
            "tip": {}
          },
          "amount_received": 0,
          "application": null,
          "application_fee_amount": null,
          "automatic_payment_methods": null,
          "canceled_at": null,
          "cancellation_reason": null,
          "capture_method": "manual",
<<<<<<< HEAD
          "client_secret": "pi_3OhDzuKuuB1fWySn2oR22NHq_secret_Zdeh40P8pQqH982arQWubbm04",
          "confirmation_method": "automatic",
          "created": 1707323358,
=======
          "client_secret": "pi_3OgxR1KuuB1fWySn2GOjGRhZ_secret_cNbbuewoh97RdN2pZYwcLhkys",
          "confirmation_method": "automatic",
          "created": 1707259691,
>>>>>>> 97b18eeb8a (Filter out STRIPE_INSTANCE_SECRET_KEY from cassettes)
          "currency": "eur",
          "customer": null,
          "description": null,
          "invoice": null,
          "last_payment_error": null,
<<<<<<< HEAD
          "latest_charge": "ch_3OhDzuKuuB1fWySn2q83Ks4p",
=======
          "latest_charge": "ch_3OgxR1KuuB1fWySn2V1GJ7vN",
>>>>>>> 97b18eeb8a (Filter out STRIPE_INSTANCE_SECRET_KEY from cassettes)
          "livemode": false,
          "metadata": {},
          "next_action": null,
          "on_behalf_of": null,
<<<<<<< HEAD
          "payment_method": "pm_1OhDztKuuB1fWySnyG6PcdEF",
=======
          "payment_method": "pm_1OgxR0KuuB1fWySng6VHdVkA",
>>>>>>> 97b18eeb8a (Filter out STRIPE_INSTANCE_SECRET_KEY from cassettes)
          "payment_method_configuration_details": null,
          "payment_method_options": {
            "card": {
              "installments": null,
              "mandate_options": null,
              "network": null,
              "request_three_d_secure": "automatic"
            }
          },
          "payment_method_types": [
            "card"
          ],
          "processing": null,
          "receipt_email": null,
          "review": null,
          "setup_future_usage": null,
          "shipping": null,
          "source": null,
          "statement_descriptor": null,
          "statement_descriptor_suffix": null,
          "status": "requires_capture",
          "transfer_data": null,
          "transfer_group": null
        }
<<<<<<< HEAD
  recorded_at: Wed, 07 Feb 2024 16:29:19 GMT
- request:
    method: post
    uri: https://api.stripe.com/v1/payment_intents/pi_3OhDzuKuuB1fWySn2oR22NHq/capture
=======
  recorded_at: Tue, 06 Feb 2024 22:48:12 GMT
- request:
    method: post
    uri: https://api.stripe.com/v1/payment_intents/pi_3OgxR1KuuB1fWySn2GOjGRhZ/capture
>>>>>>> 97b18eeb8a (Filter out STRIPE_INSTANCE_SECRET_KEY from cassettes)
    body:
      encoding: US-ASCII
      string: ''
    headers:
      User-Agent:
      - Stripe/v1 RubyBindings/10.6.0
      Authorization:
      - Bearer <HIDDEN-STRIPE_INSTANCE_SECRET_KEY>
      Content-Type:
      - application/x-www-form-urlencoded
      X-Stripe-Client-Telemetry:
<<<<<<< HEAD
      - '{"last_request_metrics":{"request_id":"req_Qi9IHwmCHicjaQ","request_duration_ms":395}}'
      Stripe-Version:
      - '2023-10-16'
      X-Stripe-Client-User-Agent:
      - '{"bindings_version":"10.6.0","lang":"ruby","lang_version":"3.1.4 p223 (2023-03-30)","platform":"x86_64-linux","engine":"ruby","publisher":"stripe","uname":"Linux
        version 6.5.0-15-generic (buildd@bos03-amd64-040) (x86_64-linux-gnu-gcc-12
        (Ubuntu 12.3.0-1ubuntu1~22.04) 12.3.0, GNU ld (GNU Binutils for Ubuntu) 2.38)
        #15~22.04.1-Ubuntu SMP PREEMPT_DYNAMIC Fri Jan 12 18:54:30 UTC 2","hostname":"ff-LAT"}'
=======
      - '{"last_request_metrics":{"request_id":"req_7Di7xINtgg1N6Q","request_duration_ms":293}}'
      Stripe-Version:
      - '2023-10-16'
      X-Stripe-Client-User-Agent:
      - '{"bindings_version":"10.6.0","lang":"ruby","lang_version":"3.1.4 p223 (2023-03-30)","platform":"x86_64-darwin19","engine":"ruby","publisher":"stripe","uname":"Darwin
        MacBook-Pro.local 23.3.0 Darwin Kernel Version 23.3.0: Wed Dec 20 21:28:58
        PST 2023; root:xnu-10002.81.5~7/RELEASE_X86_64 x86_64","hostname":"MacBook-Pro.local"}'
>>>>>>> 97b18eeb8a (Filter out STRIPE_INSTANCE_SECRET_KEY from cassettes)
      Accept-Encoding:
      - gzip;q=1.0,deflate;q=0.6,identity;q=0.3
      Accept:
      - "*/*"
  response:
    status:
      code: 200
      message: OK
    headers:
      Server:
      - nginx
      Date:
<<<<<<< HEAD
      - Wed, 07 Feb 2024 16:29:20 GMT
=======
      - Tue, 06 Feb 2024 22:48:13 GMT
>>>>>>> 97b18eeb8a (Filter out STRIPE_INSTANCE_SECRET_KEY from cassettes)
      Content-Type:
      - application/json
      Content-Length:
      - '1358'
      Connection:
      - keep-alive
      Access-Control-Allow-Credentials:
      - 'true'
      Access-Control-Allow-Methods:
      - GET,HEAD,PUT,PATCH,POST,DELETE
      Access-Control-Allow-Origin:
      - "*"
      Access-Control-Expose-Headers:
      - Request-Id, Stripe-Manage-Version, Stripe-Should-Retry, X-Stripe-External-Auth-Required,
        X-Stripe-Privileged-Session-Required
      Access-Control-Max-Age:
      - '300'
      Cache-Control:
      - no-cache, no-store
      Content-Security-Policy:
      - report-uri https://q.stripe.com/csp-report?p=v1%2Fpayment_intents%2F%3Aintent%2Fcapture;
        block-all-mixed-content; default-src 'none'; base-uri 'none'; form-action
        'none'; frame-ancestors 'none'; img-src 'self'; script-src 'self' 'report-sample';
        style-src 'self'
      Idempotency-Key:
<<<<<<< HEAD
      - 52d5a53c-377c-40ea-bae4-43c9c2cc239f
      Original-Request:
      - req_fqTUEpxZtxENY3
      Request-Id:
      - req_fqTUEpxZtxENY3
=======
      - c0936aab-0977-4bd6-bd9a-394fe661ea8e
      Original-Request:
      - req_2d3hKGZTVMr4hU
      Request-Id:
      - req_2d3hKGZTVMr4hU
>>>>>>> 97b18eeb8a (Filter out STRIPE_INSTANCE_SECRET_KEY from cassettes)
      Stripe-Should-Retry:
      - 'false'
      Stripe-Version:
      - '2023-10-16'
      Vary:
      - Origin
      X-Stripe-Non-Api-Overhead-Duration-Ms:
<<<<<<< HEAD
      - '876.0'
=======
      - '837.0'
>>>>>>> 97b18eeb8a (Filter out STRIPE_INSTANCE_SECRET_KEY from cassettes)
      X-Stripe-Routing-Context-Priority-Tier:
      - api-testmode
      Strict-Transport-Security:
      - max-age=63072000; includeSubDomains; preload
    body:
      encoding: UTF-8
      string: |-
        {
<<<<<<< HEAD
          "id": "pi_3OhDzuKuuB1fWySn2oR22NHq",
=======
          "id": "pi_3OgxR1KuuB1fWySn2GOjGRhZ",
>>>>>>> 97b18eeb8a (Filter out STRIPE_INSTANCE_SECRET_KEY from cassettes)
          "object": "payment_intent",
          "amount": 100,
          "amount_capturable": 0,
          "amount_details": {
            "tip": {}
          },
          "amount_received": 100,
          "application": null,
          "application_fee_amount": null,
          "automatic_payment_methods": null,
          "canceled_at": null,
          "cancellation_reason": null,
          "capture_method": "manual",
<<<<<<< HEAD
          "client_secret": "pi_3OhDzuKuuB1fWySn2oR22NHq_secret_Zdeh40P8pQqH982arQWubbm04",
          "confirmation_method": "automatic",
          "created": 1707323358,
=======
          "client_secret": "pi_3OgxR1KuuB1fWySn2GOjGRhZ_secret_cNbbuewoh97RdN2pZYwcLhkys",
          "confirmation_method": "automatic",
          "created": 1707259691,
>>>>>>> 97b18eeb8a (Filter out STRIPE_INSTANCE_SECRET_KEY from cassettes)
          "currency": "eur",
          "customer": null,
          "description": null,
          "invoice": null,
          "last_payment_error": null,
<<<<<<< HEAD
          "latest_charge": "ch_3OhDzuKuuB1fWySn2q83Ks4p",
=======
          "latest_charge": "ch_3OgxR1KuuB1fWySn2V1GJ7vN",
>>>>>>> 97b18eeb8a (Filter out STRIPE_INSTANCE_SECRET_KEY from cassettes)
          "livemode": false,
          "metadata": {},
          "next_action": null,
          "on_behalf_of": null,
<<<<<<< HEAD
          "payment_method": "pm_1OhDztKuuB1fWySnyG6PcdEF",
=======
          "payment_method": "pm_1OgxR0KuuB1fWySng6VHdVkA",
>>>>>>> 97b18eeb8a (Filter out STRIPE_INSTANCE_SECRET_KEY from cassettes)
          "payment_method_configuration_details": null,
          "payment_method_options": {
            "card": {
              "installments": null,
              "mandate_options": null,
              "network": null,
              "request_three_d_secure": "automatic"
            }
          },
          "payment_method_types": [
            "card"
          ],
          "processing": null,
          "receipt_email": null,
          "review": null,
          "setup_future_usage": null,
          "shipping": null,
          "source": null,
          "statement_descriptor": null,
          "statement_descriptor_suffix": null,
          "status": "succeeded",
          "transfer_data": null,
          "transfer_group": null
        }
<<<<<<< HEAD
  recorded_at: Wed, 07 Feb 2024 16:29:21 GMT
- request:
    method: get
    uri: https://api.stripe.com/v1/payment_intents/pi_3OhDzuKuuB1fWySn2oR22NHq
=======
  recorded_at: Tue, 06 Feb 2024 22:48:13 GMT
- request:
    method: get
    uri: https://api.stripe.com/v1/payment_intents/pi_3OgxR1KuuB1fWySn2GOjGRhZ
>>>>>>> 97b18eeb8a (Filter out STRIPE_INSTANCE_SECRET_KEY from cassettes)
    body:
      encoding: US-ASCII
      string: ''
    headers:
      User-Agent:
      - Stripe/v1 RubyBindings/10.6.0
      Authorization:
      - Bearer <HIDDEN-STRIPE_INSTANCE_SECRET_KEY>
      Content-Type:
      - application/x-www-form-urlencoded
      X-Stripe-Client-Telemetry:
<<<<<<< HEAD
      - '{"last_request_metrics":{"request_id":"req_fqTUEpxZtxENY3","request_duration_ms":1146}}'
      Stripe-Version:
      - '2023-10-16'
      X-Stripe-Client-User-Agent:
      - '{"bindings_version":"10.6.0","lang":"ruby","lang_version":"3.1.4 p223 (2023-03-30)","platform":"x86_64-linux","engine":"ruby","publisher":"stripe","uname":"Linux
        version 6.5.0-15-generic (buildd@bos03-amd64-040) (x86_64-linux-gnu-gcc-12
        (Ubuntu 12.3.0-1ubuntu1~22.04) 12.3.0, GNU ld (GNU Binutils for Ubuntu) 2.38)
        #15~22.04.1-Ubuntu SMP PREEMPT_DYNAMIC Fri Jan 12 18:54:30 UTC 2","hostname":"ff-LAT"}'
=======
      - '{"last_request_metrics":{"request_id":"req_2d3hKGZTVMr4hU","request_duration_ms":1039}}'
      Stripe-Version:
      - '2023-10-16'
      X-Stripe-Client-User-Agent:
      - '{"bindings_version":"10.6.0","lang":"ruby","lang_version":"3.1.4 p223 (2023-03-30)","platform":"x86_64-darwin19","engine":"ruby","publisher":"stripe","uname":"Darwin
        MacBook-Pro.local 23.3.0 Darwin Kernel Version 23.3.0: Wed Dec 20 21:28:58
        PST 2023; root:xnu-10002.81.5~7/RELEASE_X86_64 x86_64","hostname":"MacBook-Pro.local"}'
>>>>>>> 97b18eeb8a (Filter out STRIPE_INSTANCE_SECRET_KEY from cassettes)
      Accept-Encoding:
      - gzip;q=1.0,deflate;q=0.6,identity;q=0.3
      Accept:
      - "*/*"
  response:
    status:
      code: 200
      message: OK
    headers:
      Server:
      - nginx
      Date:
<<<<<<< HEAD
      - Wed, 07 Feb 2024 16:29:21 GMT
=======
      - Tue, 06 Feb 2024 22:48:13 GMT
>>>>>>> 97b18eeb8a (Filter out STRIPE_INSTANCE_SECRET_KEY from cassettes)
      Content-Type:
      - application/json
      Content-Length:
      - '1358'
      Connection:
      - keep-alive
      Access-Control-Allow-Credentials:
      - 'true'
      Access-Control-Allow-Methods:
      - GET,HEAD,PUT,PATCH,POST,DELETE
      Access-Control-Allow-Origin:
      - "*"
      Access-Control-Expose-Headers:
      - Request-Id, Stripe-Manage-Version, Stripe-Should-Retry, X-Stripe-External-Auth-Required,
        X-Stripe-Privileged-Session-Required
      Access-Control-Max-Age:
      - '300'
      Cache-Control:
      - no-cache, no-store
      Content-Security-Policy:
      - report-uri https://q.stripe.com/csp-report?p=v1%2Fpayment_intents%2F%3Aintent;
        block-all-mixed-content; default-src 'none'; base-uri 'none'; form-action
        'none'; frame-ancestors 'none'; img-src 'self'; script-src 'self' 'report-sample';
        style-src 'self'
      Request-Id:
<<<<<<< HEAD
      - req_fmwq0gy007gqNk
=======
      - req_6ZjstVKgLGLzyY
>>>>>>> 97b18eeb8a (Filter out STRIPE_INSTANCE_SECRET_KEY from cassettes)
      Stripe-Version:
      - '2023-10-16'
      Vary:
      - Origin
      X-Stripe-Non-Api-Overhead-Duration-Ms:
<<<<<<< HEAD
      - '82.0'
=======
      - '70.0'
>>>>>>> 97b18eeb8a (Filter out STRIPE_INSTANCE_SECRET_KEY from cassettes)
      X-Stripe-Routing-Context-Priority-Tier:
      - api-testmode
      Strict-Transport-Security:
      - max-age=63072000; includeSubDomains; preload
    body:
      encoding: UTF-8
      string: |-
        {
<<<<<<< HEAD
          "id": "pi_3OhDzuKuuB1fWySn2oR22NHq",
=======
          "id": "pi_3OgxR1KuuB1fWySn2GOjGRhZ",
>>>>>>> 97b18eeb8a (Filter out STRIPE_INSTANCE_SECRET_KEY from cassettes)
          "object": "payment_intent",
          "amount": 100,
          "amount_capturable": 0,
          "amount_details": {
            "tip": {}
          },
          "amount_received": 100,
          "application": null,
          "application_fee_amount": null,
          "automatic_payment_methods": null,
          "canceled_at": null,
          "cancellation_reason": null,
          "capture_method": "manual",
<<<<<<< HEAD
          "client_secret": "pi_3OhDzuKuuB1fWySn2oR22NHq_secret_Zdeh40P8pQqH982arQWubbm04",
          "confirmation_method": "automatic",
          "created": 1707323358,
=======
          "client_secret": "pi_3OgxR1KuuB1fWySn2GOjGRhZ_secret_cNbbuewoh97RdN2pZYwcLhkys",
          "confirmation_method": "automatic",
          "created": 1707259691,
>>>>>>> 97b18eeb8a (Filter out STRIPE_INSTANCE_SECRET_KEY from cassettes)
          "currency": "eur",
          "customer": null,
          "description": null,
          "invoice": null,
          "last_payment_error": null,
<<<<<<< HEAD
          "latest_charge": "ch_3OhDzuKuuB1fWySn2q83Ks4p",
=======
          "latest_charge": "ch_3OgxR1KuuB1fWySn2V1GJ7vN",
>>>>>>> 97b18eeb8a (Filter out STRIPE_INSTANCE_SECRET_KEY from cassettes)
          "livemode": false,
          "metadata": {},
          "next_action": null,
          "on_behalf_of": null,
<<<<<<< HEAD
          "payment_method": "pm_1OhDztKuuB1fWySnyG6PcdEF",
=======
          "payment_method": "pm_1OgxR0KuuB1fWySng6VHdVkA",
>>>>>>> 97b18eeb8a (Filter out STRIPE_INSTANCE_SECRET_KEY from cassettes)
          "payment_method_configuration_details": null,
          "payment_method_options": {
            "card": {
              "installments": null,
              "mandate_options": null,
              "network": null,
              "request_three_d_secure": "automatic"
            }
          },
          "payment_method_types": [
            "card"
          ],
          "processing": null,
          "receipt_email": null,
          "review": null,
          "setup_future_usage": null,
          "shipping": null,
          "source": null,
          "statement_descriptor": null,
          "statement_descriptor_suffix": null,
          "status": "succeeded",
          "transfer_data": null,
          "transfer_group": null
        }
<<<<<<< HEAD
  recorded_at: Wed, 07 Feb 2024 16:29:21 GMT
=======
  recorded_at: Tue, 06 Feb 2024 22:48:13 GMT
>>>>>>> 97b18eeb8a (Filter out STRIPE_INSTANCE_SECRET_KEY from cassettes)
recorded_with: VCR 6.2.0
