---
http_interactions:
- request:
    method: post
    uri: https://api.stripe.com/v1/payment_intents
    body:
      encoding: UTF-8
      string: amount=1000&currency=aud&payment_method=pm_card_mastercard&payment_method_types[0]=card&capture_method=manual
    headers:
      User-Agent:
      - Stripe/v1 RubyBindings/10.8.0
      Authorization:
      - Bearer <HIDDEN-STRIPE_INSTANCE_SECRET_KEY>
      Content-Type:
      - application/x-www-form-urlencoded
      X-Stripe-Client-Telemetry:
      - '{"last_request_metrics":{"request_id":"req_wxI46rAQyl4SSe","request_duration_ms":422}}'
      Stripe-Version:
      - '2023-10-16'
      X-Stripe-Client-User-Agent:
      - '{"bindings_version":"10.8.0","lang":"ruby","lang_version":"3.1.4 p223 (2023-03-30)","platform":"x86_64-linux","engine":"ruby","publisher":"stripe","uname":"Linux
        version 5.15.0-92-generic (buildd@lcy02-amd64-002) (gcc (Ubuntu 9.4.0-1ubuntu1~20.04.2)
        9.4.0, GNU ld (GNU Binutils for Ubuntu) 2.34) #102~20.04.1-Ubuntu SMP Mon
        Jan 15 13:09:14 UTC 2024","hostname":"gaetan-Dell-G15"}'
      Stripe-Account:
      - acct_1OhZ9lQQeZbvfZRJ
      Accept-Encoding:
      - gzip;q=1.0,deflate;q=0.6,identity;q=0.3
      Accept:
      - "*/*"
  response:
    status:
      code: 200
      message: OK
    headers:
      Server:
      - nginx
      Date:
      - Wed, 14 Feb 2024 03:18:33 GMT
      Content-Type:
      - application/json
      Content-Length:
      - '1377'
      Connection:
      - keep-alive
      Access-Control-Allow-Credentials:
      - 'true'
      Access-Control-Allow-Methods:
      - GET,HEAD,PUT,PATCH,POST,DELETE
      Access-Control-Allow-Origin:
      - "*"
      Access-Control-Expose-Headers:
      - Request-Id, Stripe-Manage-Version, Stripe-Should-Retry, X-Stripe-External-Auth-Required,
        X-Stripe-Privileged-Session-Required
      Access-Control-Max-Age:
      - '300'
      Cache-Control:
      - no-cache, no-store
      Content-Security-Policy:
      - report-uri https://q.stripe.com/csp-report?p=v1%2Fpayment_intents; block-all-mixed-content;
        default-src 'none'; base-uri 'none'; form-action 'none'; frame-ancestors 'none';
        img-src 'self'; script-src 'self' 'report-sample'; style-src 'self'
      Idempotency-Key:
      - c58ef797-9bab-401e-ab3d-4df1bd2507d4
      Original-Request:
      - req_RHfHf6SxOfQFW5
      Request-Id:
      - req_RHfHf6SxOfQFW5
      Stripe-Account:
      - acct_1OhZ9lQQeZbvfZRJ
      Stripe-Should-Retry:
      - 'false'
      Stripe-Version:
      - '2023-10-16'
      Vary:
      - Origin
      X-Stripe-Routing-Context-Priority-Tier:
      - api-testmode
      Strict-Transport-Security:
      - max-age=63072000; includeSubDomains; preload
    body:
      encoding: UTF-8
      string: |-
        {
          "id": "pi_3OjYzVQQeZbvfZRJ0e0x2sws",
          "object": "payment_intent",
          "amount": 1000,
          "amount_capturable": 0,
          "amount_details": {
            "tip": {}
          },
          "amount_received": 0,
          "application": "<HIDDEN-STRIPE_CLIENT_ID>",
          "application_fee_amount": null,
          "automatic_payment_methods": null,
          "canceled_at": null,
          "cancellation_reason": null,
          "capture_method": "manual",
          "client_secret": "pi_3OjYzVQQeZbvfZRJ0e0x2sws_secret_p1V0dEyb3qeHYwrXdTzNu9cG8",
          "confirmation_method": "automatic",
          "created": 1707880713,
          "currency": "aud",
          "customer": null,
          "description": null,
          "invoice": null,
          "last_payment_error": null,
          "latest_charge": null,
          "livemode": false,
          "metadata": {},
          "next_action": null,
          "on_behalf_of": null,
          "payment_method": "pm_1OjYzVQQeZbvfZRJl4Sv9a5X",
          "payment_method_configuration_details": null,
          "payment_method_options": {
            "card": {
              "installments": null,
              "mandate_options": null,
              "network": null,
              "request_three_d_secure": "automatic"
            }
          },
          "payment_method_types": [
            "card"
          ],
          "processing": null,
          "receipt_email": null,
          "review": null,
          "setup_future_usage": null,
          "shipping": null,
          "source": null,
          "statement_descriptor": null,
          "statement_descriptor_suffix": null,
          "status": "requires_confirmation",
          "transfer_data": null,
          "transfer_group": null
        }
  recorded_at: Wed, 14 Feb 2024 03:18:33 GMT
- request:
    method: get
    uri: https://api.stripe.com/v1/payment_methods/pm_card_mastercard
    body:
      encoding: US-ASCII
      string: ''
    headers:
      User-Agent:
      - Stripe/v1 RubyBindings/10.8.0
      Authorization:
      - Bearer <HIDDEN-STRIPE_INSTANCE_SECRET_KEY>
      Content-Type:
      - application/x-www-form-urlencoded
      X-Stripe-Client-Telemetry:
      - '{"last_request_metrics":{"request_id":"req_RHfHf6SxOfQFW5","request_duration_ms":536}}'
      Stripe-Version:
      - '2023-10-16'
      X-Stripe-Client-User-Agent:
      - '{"bindings_version":"10.8.0","lang":"ruby","lang_version":"3.1.4 p223 (2023-03-30)","platform":"x86_64-linux","engine":"ruby","publisher":"stripe","uname":"Linux
        version 5.15.0-92-generic (buildd@lcy02-amd64-002) (gcc (Ubuntu 9.4.0-1ubuntu1~20.04.2)
        9.4.0, GNU ld (GNU Binutils for Ubuntu) 2.34) #102~20.04.1-Ubuntu SMP Mon
        Jan 15 13:09:14 UTC 2024","hostname":"gaetan-Dell-G15"}'
      Accept-Encoding:
      - gzip;q=1.0,deflate;q=0.6,identity;q=0.3
      Accept:
      - "*/*"
  response:
    status:
      code: 200
      message: OK
    headers:
      Server:
      - nginx
      Date:
      - Wed, 14 Feb 2024 03:18:34 GMT
      Content-Type:
      - application/json
      Content-Length:
      - '942'
      Connection:
      - keep-alive
      Access-Control-Allow-Credentials:
      - 'true'
      Access-Control-Allow-Methods:
      - GET,HEAD,PUT,PATCH,POST,DELETE
      Access-Control-Allow-Origin:
      - "*"
      Access-Control-Expose-Headers:
      - Request-Id, Stripe-Manage-Version, Stripe-Should-Retry, X-Stripe-External-Auth-Required,
        X-Stripe-Privileged-Session-Required
      Access-Control-Max-Age:
      - '300'
      Cache-Control:
      - no-cache, no-store
      Content-Security-Policy:
      - report-uri https://q.stripe.com/csp-report?p=v1%2Fpayment_methods%2F%3Apayment_method;
        block-all-mixed-content; default-src 'none'; base-uri 'none'; form-action
        'none'; frame-ancestors 'none'; img-src 'self'; script-src 'self' 'report-sample';
        style-src 'self'
      Request-Id:
      - req_4RtNXuFemQOv6L
      Stripe-Version:
      - '2023-10-16'
      Vary:
      - Origin
      X-Stripe-Routing-Context-Priority-Tier:
      - api-testmode
      Strict-Transport-Security:
      - max-age=63072000; includeSubDomains; preload
    body:
      encoding: UTF-8
      string: |-
        {
          "id": "pm_1OjYzWKuuB1fWySneavPZ5WZ",
          "object": "payment_method",
          "billing_details": {
            "address": {
              "city": null,
              "country": null,
              "line1": null,
              "line2": null,
              "postal_code": null,
              "state": null
            },
            "email": null,
            "name": null,
            "phone": null
          },
          "card": {
            "brand": "mastercard",
            "checks": {
              "address_line1_check": null,
              "address_postal_code_check": null,
              "cvc_check": "unchecked"
            },
            "country": "US",
            "exp_month": 2,
            "exp_year": 2025,
            "fingerprint": "BL35fEFVcTTS5wpE",
            "funding": "credit",
            "generated_from": null,
            "last4": "4444",
            "networks": {
              "available": [
                "mastercard"
              ],
              "preferred": null
            },
            "three_d_secure_usage": {
              "supported": true
            },
            "wallet": null
          },
          "created": 1707880714,
          "customer": null,
          "livemode": false,
          "metadata": {},
          "type": "card"
        }
  recorded_at: Wed, 14 Feb 2024 03:18:34 GMT
- request:
    method: get
    uri: https://api.stripe.com/v1/payment_intents/pi_3OjYzVQQeZbvfZRJ0e0x2sws
    body:
      encoding: US-ASCII
      string: ''
    headers:
      User-Agent:
      - Stripe/v1 RubyBindings/10.8.0
      Authorization:
      - Bearer <HIDDEN-STRIPE_INSTANCE_SECRET_KEY>
      Content-Type:
      - application/x-www-form-urlencoded
      X-Stripe-Client-Telemetry:
      - '{"last_request_metrics":{"request_id":"req_4RtNXuFemQOv6L","request_duration_ms":463}}'
      Stripe-Version:
      - '2023-10-16'
      X-Stripe-Client-User-Agent:
      - '{"bindings_version":"10.8.0","lang":"ruby","lang_version":"3.1.4 p223 (2023-03-30)","platform":"x86_64-linux","engine":"ruby","publisher":"stripe","uname":"Linux
        version 5.15.0-92-generic (buildd@lcy02-amd64-002) (gcc (Ubuntu 9.4.0-1ubuntu1~20.04.2)
        9.4.0, GNU ld (GNU Binutils for Ubuntu) 2.34) #102~20.04.1-Ubuntu SMP Mon
        Jan 15 13:09:14 UTC 2024","hostname":"gaetan-Dell-G15"}'
      Stripe-Account:
      - acct_1OhZ9lQQeZbvfZRJ
      Accept-Encoding:
      - gzip;q=1.0,deflate;q=0.6,identity;q=0.3
      Accept:
      - "*/*"
  response:
    status:
      code: 200
      message: OK
    headers:
      Server:
      - nginx
      Date:
      - Wed, 14 Feb 2024 03:18:34 GMT
      Content-Type:
      - application/json
      Content-Length:
      - '1377'
      Connection:
      - keep-alive
      Access-Control-Allow-Credentials:
      - 'true'
      Access-Control-Allow-Methods:
      - GET,HEAD,PUT,PATCH,POST,DELETE
      Access-Control-Allow-Origin:
      - "*"
      Access-Control-Expose-Headers:
      - Request-Id, Stripe-Manage-Version, Stripe-Should-Retry, X-Stripe-External-Auth-Required,
        X-Stripe-Privileged-Session-Required
      Access-Control-Max-Age:
      - '300'
      Cache-Control:
      - no-cache, no-store
      Content-Security-Policy:
      - report-uri https://q.stripe.com/csp-report?p=v1%2Fpayment_intents%2F%3Aintent;
        block-all-mixed-content; default-src 'none'; base-uri 'none'; form-action
        'none'; frame-ancestors 'none'; img-src 'self'; script-src 'self' 'report-sample';
        style-src 'self'
      Request-Id:
      - req_PnWqcN06vWvMR9
      Stripe-Account:
      - acct_1OhZ9lQQeZbvfZRJ
      Stripe-Version:
      - '2023-10-16'
      Vary:
      - Origin
      X-Stripe-Routing-Context-Priority-Tier:
      - api-testmode
      Strict-Transport-Security:
      - max-age=63072000; includeSubDomains; preload
    body:
      encoding: UTF-8
      string: |-
        {
          "id": "pi_3OjYzVQQeZbvfZRJ0e0x2sws",
          "object": "payment_intent",
          "amount": 1000,
          "amount_capturable": 0,
          "amount_details": {
            "tip": {}
          },
          "amount_received": 0,
          "application": "<HIDDEN-STRIPE_CLIENT_ID>",
          "application_fee_amount": null,
          "automatic_payment_methods": null,
          "canceled_at": null,
          "cancellation_reason": null,
          "capture_method": "manual",
          "client_secret": "pi_3OjYzVQQeZbvfZRJ0e0x2sws_secret_p1V0dEyb3qeHYwrXdTzNu9cG8",
          "confirmation_method": "automatic",
          "created": 1707880713,
          "currency": "aud",
          "customer": null,
          "description": null,
          "invoice": null,
          "last_payment_error": null,
          "latest_charge": null,
          "livemode": false,
          "metadata": {},
          "next_action": null,
          "on_behalf_of": null,
          "payment_method": "pm_1OjYzVQQeZbvfZRJl4Sv9a5X",
          "payment_method_configuration_details": null,
          "payment_method_options": {
            "card": {
              "installments": null,
              "mandate_options": null,
              "network": null,
              "request_three_d_secure": "automatic"
            }
          },
          "payment_method_types": [
            "card"
          ],
          "processing": null,
          "receipt_email": null,
          "review": null,
          "setup_future_usage": null,
          "shipping": null,
          "source": null,
          "statement_descriptor": null,
          "statement_descriptor_suffix": null,
          "status": "requires_confirmation",
          "transfer_data": null,
          "transfer_group": null
        }
  recorded_at: Wed, 14 Feb 2024 03:18:34 GMT
- request:
    method: post
    uri: https://api.stripe.com/v1/payment_intents/pi_3OjYzVQQeZbvfZRJ0e0x2sws/cancel
    body:
      encoding: US-ASCII
      string: ''
    headers:
      Content-Type:
      - application/x-www-form-urlencoded
      Authorization:
      - Basic c2tfdGVzdF94RmdKUU9sWHBNQUZzb3p0endGQlRGaFAwMEhHN0J1Q0ptOg==
      User-Agent:
      - Stripe/v1 ActiveMerchantBindings/1.133.0
      Stripe-Version:
      - '2020-08-27'
      X-Stripe-Client-User-Agent:
      - '{"bindings_version":"1.133.0","lang":"ruby","lang_version":"3.1.4 p223 (2023-03-30)","platform":"x86_64-linux","publisher":"active_merchant"}'
      X-Stripe-Client-User-Metadata:
      - '{"ip":null}'
      Stripe-Account:
      - acct_1OhZ9lQQeZbvfZRJ
      Connection:
      - close
      Accept-Encoding:
      - gzip;q=1.0,deflate;q=0.6,identity;q=0.3
      Accept:
      - "*/*"
  response:
    status:
      code: 200
      message: OK
    headers:
      Server:
      - nginx
      Date:
      - Wed, 14 Feb 2024 03:18:35 GMT
      Content-Type:
      - application/json
      Content-Length:
      - '1541'
      Connection:
      - close
      Access-Control-Allow-Credentials:
      - 'true'
      Access-Control-Allow-Methods:
      - GET,HEAD,PUT,PATCH,POST,DELETE
      Access-Control-Allow-Origin:
      - "*"
      Access-Control-Expose-Headers:
      - Request-Id, Stripe-Manage-Version, Stripe-Should-Retry, X-Stripe-External-Auth-Required,
        X-Stripe-Privileged-Session-Required
      Access-Control-Max-Age:
      - '300'
      Cache-Control:
      - no-cache, no-store
      Content-Security-Policy:
      - report-uri https://q.stripe.com/csp-report?p=v1%2Fpayment_intents%2F%3Aintent%2Fcancel;
        block-all-mixed-content; default-src 'none'; base-uri 'none'; form-action
        'none'; frame-ancestors 'none'; img-src 'self'; script-src 'self' 'report-sample';
        style-src 'self'
      Idempotency-Key:
      - c527367d-ab3f-4141-9d50-2dadee2eb10d
      Original-Request:
      - req_mgU0tpR5EE5dow
      Request-Id:
      - req_mgU0tpR5EE5dow
      Stripe-Account:
      - acct_1OhZ9lQQeZbvfZRJ
      Stripe-Should-Retry:
      - 'false'
      Stripe-Version:
      - '2020-08-27'
      Vary:
      - Origin
      X-Stripe-Routing-Context-Priority-Tier:
      - api-testmode
      Strict-Transport-Security:
      - max-age=63072000; includeSubDomains; preload
    body:
      encoding: UTF-8
      string: |-
        {
          "id": "pi_3OjYzVQQeZbvfZRJ0e0x2sws",
          "object": "payment_intent",
          "amount": 1000,
          "amount_capturable": 0,
          "amount_details": {
            "tip": {}
          },
          "amount_received": 0,
          "application": "<HIDDEN-STRIPE_CLIENT_ID>",
          "application_fee_amount": null,
          "automatic_payment_methods": null,
          "canceled_at": 1707880715,
          "cancellation_reason": null,
          "capture_method": "manual",
          "charges": {
            "object": "list",
            "data": [],
            "has_more": false,
            "total_count": 0,
            "url": "/v1/charges?payment_intent=pi_3OjYzVQQeZbvfZRJ0e0x2sws"
          },
          "client_secret": "pi_3OjYzVQQeZbvfZRJ0e0x2sws_secret_p1V0dEyb3qeHYwrXdTzNu9cG8",
          "confirmation_method": "automatic",
          "created": 1707880713,
          "currency": "aud",
          "customer": null,
          "description": null,
          "invoice": null,
          "last_payment_error": null,
          "latest_charge": null,
          "livemode": false,
          "metadata": {},
          "next_action": null,
          "on_behalf_of": null,
          "payment_method": "pm_1OjYzVQQeZbvfZRJl4Sv9a5X",
          "payment_method_configuration_details": null,
          "payment_method_options": {
            "card": {
              "installments": null,
              "mandate_options": null,
              "network": null,
              "request_three_d_secure": "automatic"
            }
          },
          "payment_method_types": [
            "card"
          ],
          "processing": null,
          "receipt_email": null,
          "review": null,
          "setup_future_usage": null,
          "shipping": null,
          "source": null,
          "statement_descriptor": null,
          "statement_descriptor_suffix": null,
          "status": "canceled",
          "transfer_data": null,
          "transfer_group": null
        }
  recorded_at: Wed, 14 Feb 2024 03:18:35 GMT
recorded_with: VCR 6.2.0
