---
http_interactions:
- request:
    method: post
    uri: https://api.stripe.com/v1/payment_methods
    body:
      encoding: UTF-8
      string: type=card&card[number]=4000000000000002&card[exp_month]=12&card[exp_year]=2025&card[cvc]=314
    headers:
      User-Agent:
      - Stripe/v1 RubyBindings/11.1.0
      Authorization:
      - "<HIDDEN-AUTHORIZATION-HEADER>"
      Content-Type:
      - application/x-www-form-urlencoded
      X-Stripe-Client-Telemetry:
      - '{"last_request_metrics":{"request_id":"req_jw6WIU0GBeVnT2","request_duration_ms":406}}'
      Stripe-Version:
      - '2024-04-10'
      X-Stripe-Client-User-Agent:
      - "<HIDDEN-STRIPE-USER-AGENT>"
      Accept-Encoding:
      - gzip;q=1.0,deflate;q=0.6,identity;q=0.3
      Accept:
      - "*/*"
  response:
    status:
      code: 200
      message: OK
    headers:
      Server:
      - nginx
      Date:
      - Tue, 23 Apr 2024 11:22:41 GMT
      Content-Type:
      - application/json
      Content-Length:
      - '996'
      Connection:
      - keep-alive
      Access-Control-Allow-Credentials:
      - 'true'
      Access-Control-Allow-Methods:
      - GET,HEAD,PUT,PATCH,POST,DELETE
      Access-Control-Allow-Origin:
      - "*"
      Access-Control-Expose-Headers:
      - Request-Id, Stripe-Manage-Version, Stripe-Should-Retry, X-Stripe-External-Auth-Required,
        X-Stripe-Privileged-Session-Required
      Access-Control-Max-Age:
      - '300'
      Cache-Control:
      - no-cache, no-store
      Content-Security-Policy:
      - report-uri https://q.stripe.com/csp-report?p=v1%2Fpayment_methods; block-all-mixed-content;
        default-src 'none'; base-uri 'none'; form-action 'none'; frame-ancestors 'none';
        img-src 'self'; script-src 'self' 'report-sample'; style-src 'self'
      Cross-Origin-Opener-Policy-Report-Only:
      - same-origin; report-to="coop"
      Idempotency-Key:
      - b7635034-0538-409f-8de4-029495aa738e
      Original-Request:
      - req_17rocy9XEkwQk7
      Report-To:
      - '{"group":"coop","max_age":8640,"endpoints":[{"url":"https://q.stripe.com/coop-report"}],"include_subdomains":true}'
      Reporting-Endpoints:
      - coop="https://q.stripe.com/coop-report"
      Request-Id:
      - req_17rocy9XEkwQk7
      Stripe-Should-Retry:
      - 'false'
      Stripe-Version:
      - '2024-04-10'
      Vary:
      - Origin
      X-Stripe-Routing-Context-Priority-Tier:
      - api-testmode
      Strict-Transport-Security:
      - max-age=63072000; includeSubDomains; preload
    body:
      encoding: UTF-8
      string: |-
        {
          "id": "pm_1P8hQrKuuB1fWySnoJXDVbMV",
          "object": "payment_method",
          "allow_redisplay": "unspecified",
          "billing_details": {
            "address": {
              "city": null,
              "country": null,
              "line1": null,
              "line2": null,
              "postal_code": null,
              "state": null
            },
            "email": null,
            "name": null,
            "phone": null
          },
          "card": {
            "brand": "visa",
            "checks": {
              "address_line1_check": null,
              "address_postal_code_check": null,
              "cvc_check": "unchecked"
            },
            "country": "US",
            "display_brand": "visa",
            "exp_month": 12,
            "exp_year": 2025,
            "fingerprint": "IKC2ubfpSLuZKsVs",
            "funding": "credit",
            "generated_from": null,
            "last4": "0002",
            "networks": {
              "available": [
                "visa"
              ],
              "preferred": null
            },
            "three_d_secure_usage": {
              "supported": true
            },
            "wallet": null
          },
          "created": 1713871361,
          "customer": null,
          "livemode": false,
          "metadata": {},
          "type": "card"
        }
  recorded_at: Tue, 23 Apr 2024 11:22:41 GMT
- request:
    method: post
    uri: https://api.stripe.com/v1/customers
    body:
      encoding: UTF-8
      string: name=Apple+Customer&email=applecustomer%40example.com
    headers:
      User-Agent:
      - Stripe/v1 RubyBindings/11.1.0
      Authorization:
      - "<HIDDEN-AUTHORIZATION-HEADER>"
      Content-Type:
      - application/x-www-form-urlencoded
      X-Stripe-Client-Telemetry:
      - '{"last_request_metrics":{"request_id":"req_17rocy9XEkwQk7","request_duration_ms":445}}'
      Stripe-Version:
      - '2024-04-10'
      X-Stripe-Client-User-Agent:
      - "<HIDDEN-STRIPE-USER-AGENT>"
      Accept-Encoding:
      - gzip;q=1.0,deflate;q=0.6,identity;q=0.3
      Accept:
      - "*/*"
  response:
    status:
      code: 200
      message: OK
    headers:
      Server:
      - nginx
      Date:
      - Tue, 23 Apr 2024 11:22:41 GMT
      Content-Type:
      - application/json
      Content-Length:
      - '649'
      Connection:
      - keep-alive
      Access-Control-Allow-Credentials:
      - 'true'
      Access-Control-Allow-Methods:
      - GET,HEAD,PUT,PATCH,POST,DELETE
      Access-Control-Allow-Origin:
      - "*"
      Access-Control-Expose-Headers:
      - Request-Id, Stripe-Manage-Version, Stripe-Should-Retry, X-Stripe-External-Auth-Required,
        X-Stripe-Privileged-Session-Required
      Access-Control-Max-Age:
      - '300'
      Cache-Control:
      - no-cache, no-store
      Content-Security-Policy:
      - report-uri https://q.stripe.com/csp-report?p=v1%2Fcustomers; block-all-mixed-content;
        default-src 'none'; base-uri 'none'; form-action 'none'; frame-ancestors 'none';
        img-src 'self'; script-src 'self' 'report-sample'; style-src 'self'
      Cross-Origin-Opener-Policy-Report-Only:
      - same-origin; report-to="coop"
      Idempotency-Key:
      - ac92f435-bad8-453d-a832-6b6b01ea665d
      Original-Request:
      - req_hmFNjhNpTLnsD2
      Report-To:
      - '{"group":"coop","max_age":8640,"endpoints":[{"url":"https://q.stripe.com/coop-report"}],"include_subdomains":true}'
      Reporting-Endpoints:
      - coop="https://q.stripe.com/coop-report"
      Request-Id:
      - req_hmFNjhNpTLnsD2
      Stripe-Should-Retry:
      - 'false'
      Stripe-Version:
      - '2024-04-10'
      Vary:
      - Origin
      X-Stripe-Routing-Context-Priority-Tier:
      - api-testmode
      Strict-Transport-Security:
      - max-age=63072000; includeSubDomains; preload
    body:
      encoding: UTF-8
      string: |-
        {
          "id": "cus_Pyek1w8BYYKnV9",
          "object": "customer",
          "address": null,
          "balance": 0,
          "created": 1713871361,
          "currency": null,
          "default_source": null,
          "delinquent": false,
          "description": null,
          "discount": null,
          "email": "applecustomer@example.com",
          "invoice_prefix": "8824622E",
          "invoice_settings": {
            "custom_fields": null,
            "default_payment_method": null,
            "footer": null,
            "rendering_options": null
          },
          "livemode": false,
          "metadata": {},
          "name": "Apple Customer",
          "next_invoice_sequence": 1,
          "phone": null,
          "preferred_locales": [],
          "shipping": null,
          "tax_exempt": "none",
          "test_clock": null
        }
  recorded_at: Tue, 23 Apr 2024 11:22:41 GMT
- request:
    method: post
    uri: https://api.stripe.com/v1/payment_intents
    body:
      encoding: UTF-8
      string: amount=100&currency=eur&payment_method=pm_1P8hQrKuuB1fWySnoJXDVbMV&payment_method_types[0]=card&capture_method=manual&customer=cus_Pyek1w8BYYKnV9&setup_future_usage=off_session
    headers:
      User-Agent:
      - Stripe/v1 RubyBindings/11.1.0
      Authorization:
      - "<HIDDEN-AUTHORIZATION-HEADER>"
      Content-Type:
      - application/x-www-form-urlencoded
      X-Stripe-Client-Telemetry:
      - '{"last_request_metrics":{"request_id":"req_hmFNjhNpTLnsD2","request_duration_ms":503}}'
      Stripe-Version:
      - '2024-04-10'
      X-Stripe-Client-User-Agent:
      - "<HIDDEN-STRIPE-USER-AGENT>"
      Accept-Encoding:
      - gzip;q=1.0,deflate;q=0.6,identity;q=0.3
      Accept:
      - "*/*"
  response:
    status:
      code: 200
      message: OK
    headers:
      Server:
      - nginx
      Date:
      - Tue, 23 Apr 2024 11:22:42 GMT
      Content-Type:
      - application/json
      Content-Length:
      - '1368'
      Connection:
      - keep-alive
      Access-Control-Allow-Credentials:
      - 'true'
      Access-Control-Allow-Methods:
      - GET,HEAD,PUT,PATCH,POST,DELETE
      Access-Control-Allow-Origin:
      - "*"
      Access-Control-Expose-Headers:
      - Request-Id, Stripe-Manage-Version, Stripe-Should-Retry, X-Stripe-External-Auth-Required,
        X-Stripe-Privileged-Session-Required
      Access-Control-Max-Age:
      - '300'
      Cache-Control:
      - no-cache, no-store
      Content-Security-Policy:
      - report-uri https://q.stripe.com/csp-report?p=v1%2Fpayment_intents; block-all-mixed-content;
        default-src 'none'; base-uri 'none'; form-action 'none'; frame-ancestors 'none';
        img-src 'self'; script-src 'self' 'report-sample'; style-src 'self'
      Cross-Origin-Opener-Policy-Report-Only:
      - same-origin; report-to="coop"
      Idempotency-Key:
      - 24277f63-f991-44e9-a545-04e748071bf9
      Original-Request:
      - req_9auOceZoxHo5tE
      Report-To:
      - '{"group":"coop","max_age":8640,"endpoints":[{"url":"https://q.stripe.com/coop-report"}],"include_subdomains":true}'
      Reporting-Endpoints:
      - coop="https://q.stripe.com/coop-report"
      Request-Id:
      - req_9auOceZoxHo5tE
      Stripe-Should-Retry:
      - 'false'
      Stripe-Version:
      - '2024-04-10'
      Vary:
      - Origin
      X-Stripe-Routing-Context-Priority-Tier:
      - api-testmode
      Strict-Transport-Security:
      - max-age=63072000; includeSubDomains; preload
    body:
      encoding: UTF-8
      string: |-
        {
          "id": "pi_3P8hQsKuuB1fWySn0dRsCAlk",
          "object": "payment_intent",
          "amount": 100,
          "amount_capturable": 0,
          "amount_details": {
            "tip": {}
          },
          "amount_received": 0,
          "application": null,
          "application_fee_amount": null,
          "automatic_payment_methods": null,
          "canceled_at": null,
          "cancellation_reason": null,
          "capture_method": "manual",
          "client_secret": "<HIDDEN-CLIENT-SECRET>",
          "confirmation_method": "automatic",
          "created": 1713871362,
          "currency": "eur",
          "customer": "cus_Pyek1w8BYYKnV9",
          "description": null,
          "invoice": null,
          "last_payment_error": null,
          "latest_charge": null,
          "livemode": false,
          "metadata": {},
          "next_action": null,
          "on_behalf_of": null,
          "payment_method": "pm_1P8hQrKuuB1fWySnoJXDVbMV",
          "payment_method_configuration_details": null,
          "payment_method_options": {
            "card": {
              "installments": null,
              "mandate_options": null,
              "network": null,
              "request_three_d_secure": "automatic"
            }
          },
          "payment_method_types": [
            "card"
          ],
          "processing": null,
          "receipt_email": null,
          "review": null,
          "setup_future_usage": "off_session",
          "shipping": null,
          "source": null,
          "statement_descriptor": null,
          "statement_descriptor_suffix": null,
          "status": "requires_confirmation",
          "transfer_data": null,
          "transfer_group": null
        }
  recorded_at: Tue, 23 Apr 2024 11:22:42 GMT
- request:
    method: post
    uri: https://api.stripe.com/v1/payment_intents/pi_3P8hQsKuuB1fWySn0dRsCAlk/confirm
    body:
      encoding: US-ASCII
      string: ''
    headers:
      User-Agent:
      - Stripe/v1 RubyBindings/11.1.0
      Authorization:
      - "<HIDDEN-AUTHORIZATION-HEADER>"
      Content-Type:
      - application/x-www-form-urlencoded
      X-Stripe-Client-Telemetry:
      - '{"last_request_metrics":{"request_id":"req_9auOceZoxHo5tE","request_duration_ms":509}}'
      Stripe-Version:
      - '2024-04-10'
      X-Stripe-Client-User-Agent:
      - "<HIDDEN-STRIPE-USER-AGENT>"
      Accept-Encoding:
      - gzip;q=1.0,deflate;q=0.6,identity;q=0.3
      Accept:
      - "*/*"
  response:
    status:
      code: 402
      message: Payment Required
    headers:
      Server:
      - nginx
      Date:
      - Tue, 23 Apr 2024 11:22:43 GMT
      Content-Type:
      - application/json
      Content-Length:
      - '4889'
      Connection:
      - keep-alive
      Access-Control-Allow-Credentials:
      - 'true'
      Access-Control-Allow-Methods:
      - GET,HEAD,PUT,PATCH,POST,DELETE
      Access-Control-Allow-Origin:
      - "*"
      Access-Control-Expose-Headers:
      - Request-Id, Stripe-Manage-Version, Stripe-Should-Retry, X-Stripe-External-Auth-Required,
        X-Stripe-Privileged-Session-Required
      Access-Control-Max-Age:
      - '300'
      Cache-Control:
      - no-cache, no-store
      Content-Security-Policy:
      - report-uri https://q.stripe.com/csp-report?p=v1%2Fpayment_intents%2F%3Aintent%2Fconfirm;
        block-all-mixed-content; default-src 'none'; base-uri 'none'; form-action
        'none'; frame-ancestors 'none'; img-src 'self'; script-src 'self' 'report-sample';
        style-src 'self'
      Cross-Origin-Opener-Policy-Report-Only:
      - same-origin; report-to="coop"
      Idempotency-Key:
      - df30ad1c-4cf2-4fef-a887-03a948f403da
      Original-Request:
      - req_d5nQ4wPD4E7f6U
      Report-To:
      - '{"group":"coop","max_age":8640,"endpoints":[{"url":"https://q.stripe.com/coop-report"}],"include_subdomains":true}'
      Reporting-Endpoints:
      - coop="https://q.stripe.com/coop-report"
      Request-Id:
      - req_d5nQ4wPD4E7f6U
      Stripe-Should-Retry:
      - 'false'
      Stripe-Version:
      - '2024-04-10'
      Vary:
      - Origin
      X-Stripe-Routing-Context-Priority-Tier:
      - api-testmode
      Strict-Transport-Security:
      - max-age=63072000; includeSubDomains; preload
    body:
      encoding: UTF-8
      string: |
        {
          "error": {
            "charge": "ch_3P8hQsKuuB1fWySn02qML9H0",
            "code": "card_declined",
            "decline_code": "generic_decline",
            "doc_url": "https://stripe.com/docs/error-codes/card-declined",
            "message": "Your card was declined.",
            "payment_intent": {
              "id": "pi_3P8hQsKuuB1fWySn0dRsCAlk",
              "object": "payment_intent",
              "amount": 100,
              "amount_capturable": 0,
              "amount_details": {
                "tip": {
                }
              },
              "amount_received": 0,
              "application": null,
              "application_fee_amount": null,
              "automatic_payment_methods": null,
              "canceled_at": null,
              "cancellation_reason": null,
              "capture_method": "manual",
              "client_secret": "<HIDDEN-CLIENT-SECRET>",
              "confirmation_method": "automatic",
              "created": 1713871362,
              "currency": "eur",
              "customer": "cus_Pyek1w8BYYKnV9",
              "description": null,
              "invoice": null,
              "last_payment_error": {
                "charge": "ch_3P8hQsKuuB1fWySn02qML9H0",
                "code": "card_declined",
                "decline_code": "generic_decline",
                "doc_url": "https://stripe.com/docs/error-codes/card-declined",
                "message": "Your card was declined.",
                "payment_method": {
                  "id": "pm_1P8hQrKuuB1fWySnoJXDVbMV",
                  "object": "payment_method",
                  "allow_redisplay": "unspecified",
                  "billing_details": {
                    "address": {
                      "city": null,
                      "country": null,
                      "line1": null,
                      "line2": null,
                      "postal_code": null,
                      "state": null
                    },
                    "email": null,
                    "name": null,
                    "phone": null
                  },
                  "card": {
                    "brand": "visa",
                    "checks": {
                      "address_line1_check": null,
                      "address_postal_code_check": null,
                      "cvc_check": "pass"
                    },
                    "country": "US",
                    "display_brand": "visa",
                    "exp_month": 12,
                    "exp_year": 2025,
                    "fingerprint": "IKC2ubfpSLuZKsVs",
                    "funding": "credit",
                    "generated_from": null,
                    "last4": "0002",
                    "networks": {
                      "available": [
                        "visa"
                      ],
                      "preferred": null
                    },
                    "three_d_secure_usage": {
                      "supported": true
                    },
                    "wallet": null
                  },
                  "created": 1713871361,
                  "customer": null,
                  "livemode": false,
                  "metadata": {
                  },
                  "type": "card"
                },
                "type": "card_error"
              },
              "latest_charge": "ch_3P8hQsKuuB1fWySn02qML9H0",
              "livemode": false,
              "metadata": {
              },
              "next_action": null,
              "on_behalf_of": null,
              "payment_method": null,
              "payment_method_configuration_details": null,
              "payment_method_options": {
                "card": {
                  "installments": null,
                  "mandate_options": null,
                  "network": null,
                  "request_three_d_secure": "automatic"
                }
              },
              "payment_method_types": [
                "card"
              ],
              "processing": null,
              "receipt_email": null,
              "review": null,
              "setup_future_usage": "off_session",
              "shipping": null,
              "source": null,
              "statement_descriptor": null,
              "statement_descriptor_suffix": null,
              "status": "requires_payment_method",
              "transfer_data": null,
              "transfer_group": null
            },
            "payment_method": {
              "id": "pm_1P8hQrKuuB1fWySnoJXDVbMV",
              "object": "payment_method",
              "allow_redisplay": "unspecified",
              "billing_details": {
                "address": {
                  "city": null,
                  "country": null,
                  "line1": null,
                  "line2": null,
                  "postal_code": null,
                  "state": null
                },
                "email": null,
                "name": null,
                "phone": null
              },
              "card": {
                "brand": "visa",
                "checks": {
                  "address_line1_check": null,
                  "address_postal_code_check": null,
                  "cvc_check": "pass"
                },
                "country": "US",
                "display_brand": "visa",
                "exp_month": 12,
                "exp_year": 2025,
                "fingerprint": "IKC2ubfpSLuZKsVs",
                "funding": "credit",
                "generated_from": null,
                "last4": "0002",
                "networks": {
                  "available": [
                    "visa"
                  ],
                  "preferred": null
                },
                "three_d_secure_usage": {
                  "supported": true
                },
                "wallet": null
              },
              "created": 1713871361,
              "customer": null,
              "livemode": false,
              "metadata": {
              },
              "type": "card"
            },
            "request_log_url": "https://dashboard.stripe.com/test/logs/req_d5nQ4wPD4E7f6U?t=1713871362",
            "type": "card_error"
          }
        }
  recorded_at: Tue, 23 Apr 2024 11:22:43 GMT
recorded_with: VCR 6.2.0
