---
http_interactions:
- request:
    method: post
    uri: https://api.stripe.com/v1/payment_methods
    body:
      encoding: UTF-8
      string: type=card&card[number]=5105105105105100&card[exp_month]=12&card[exp_year]=2024&card[cvc]=314
    headers:
      User-Agent:
      - Stripe/v1 RubyBindings/10.3.0
      Authorization:
      - Bearer <HIDDEN_KEY>
      Content-Type:
      - application/x-www-form-urlencoded
      X-Stripe-Client-Telemetry:
      - '{"last_request_metrics":{"request_id":"req_r9NZ5dN3R8Sj1T","request_duration_ms":421}}'
      Stripe-Version:
      - '2023-10-16'
      X-Stripe-Client-User-Agent:
      - '{"bindings_version":"10.3.0","lang":"ruby","lang_version":"3.1.4 p223 (2023-03-30)","platform":"x86_64-linux","engine":"ruby","publisher":"stripe","uname":"Linux
        version 6.1.0-13-amd64 (debian-kernel@lists.debian.org) (gcc-12 (Debian 12.2.0-14)
        12.2.0, GNU ld (GNU Binutils for Debian) 2.40) #1 SMP PREEMPT_DYNAMIC Debian
        6.1.55-1 (2023-09-29)","hostname":"blackbox"}'
      Accept-Encoding:
      - gzip;q=1.0,deflate;q=0.6,identity;q=0.3
      Accept:
      - "*/*"
  response:
    status:
      code: 200
      message: OK
    headers:
      Server:
      - nginx
      Date:
      - Mon, 18 Dec 2023 02:58:58 GMT
      Content-Type:
      - application/json
      Content-Length:
      - '944'
      Connection:
      - keep-alive
      Access-Control-Allow-Credentials:
      - 'true'
      Access-Control-Allow-Methods:
      - GET,HEAD,PUT,PATCH,POST,DELETE
      Access-Control-Allow-Origin:
      - "*"
      Access-Control-Expose-Headers:
      - Request-Id, Stripe-Manage-Version, Stripe-Should-Retry, X-Stripe-External-Auth-Required,
        X-Stripe-Privileged-Session-Required
      Access-Control-Max-Age:
      - '300'
      Cache-Control:
      - no-cache, no-store
      Content-Security-Policy:
      - report-uri https://q.stripe.com/csp-report?p=v1%2Fpayment_methods; block-all-mixed-content;
        default-src 'none'; base-uri 'none'; form-action 'none'; frame-ancestors 'none';
        img-src 'self'; script-src 'self' 'report-sample'; style-src 'self'
      Idempotency-Key:
      - e63b66f3-250f-476e-832b-5fe0c0e58846
      Original-Request:
      - req_C5BixkbevuyEtF
      Request-Id:
      - req_C5BixkbevuyEtF
      Stripe-Should-Retry:
      - 'false'
      Stripe-Version:
      - '2023-10-16'
      Vary:
      - Origin
      X-Stripe-Routing-Context-Priority-Tier:
      - api-testmode
      Strict-Transport-Security:
      - max-age=63072000; includeSubDomains; preload
    body:
      encoding: UTF-8
      string: |-
        {
          "id": "pm_1OOX2kKuuB1fWySnfID3ZfKg",
          "object": "payment_method",
          "billing_details": {
            "address": {
              "city": null,
              "country": null,
              "line1": null,
              "line2": null,
              "postal_code": null,
              "state": null
            },
            "email": null,
            "name": null,
            "phone": null
          },
          "card": {
            "brand": "mastercard",
            "checks": {
              "address_line1_check": null,
              "address_postal_code_check": null,
              "cvc_check": "unchecked"
            },
            "country": "US",
            "exp_month": 12,
            "exp_year": 2024,
            "fingerprint": "B9ykFJ6imaeWU8aO",
            "funding": "prepaid",
            "generated_from": null,
            "last4": "5100",
            "networks": {
              "available": [
                "mastercard"
              ],
              "preferred": null
            },
            "three_d_secure_usage": {
              "supported": true
            },
            "wallet": null
          },
          "created": 1702868338,
          "customer": null,
          "livemode": false,
          "metadata": {},
          "type": "card"
        }
  recorded_at: Mon, 18 Dec 2023 02:58:58 GMT
- request:
    method: post
    uri: https://api.stripe.com/v1/payment_intents
    body:
      encoding: UTF-8
      string: amount=100&currency=eur&payment_method=pm_1OOX2kKuuB1fWySnfID3ZfKg&payment_method_types[0]=card&capture_method=manual
    headers:
      User-Agent:
      - Stripe/v1 RubyBindings/10.3.0
      Authorization:
      - Bearer <HIDDEN_KEY>
      Content-Type:
      - application/x-www-form-urlencoded
      X-Stripe-Client-Telemetry:
      - '{"last_request_metrics":{"request_id":"req_C5BixkbevuyEtF","request_duration_ms":466}}'
      Stripe-Version:
      - '2023-10-16'
      X-Stripe-Client-User-Agent:
      - '{"bindings_version":"10.3.0","lang":"ruby","lang_version":"3.1.4 p223 (2023-03-30)","platform":"x86_64-linux","engine":"ruby","publisher":"stripe","uname":"Linux
        version 6.1.0-13-amd64 (debian-kernel@lists.debian.org) (gcc-12 (Debian 12.2.0-14)
        12.2.0, GNU ld (GNU Binutils for Debian) 2.40) #1 SMP PREEMPT_DYNAMIC Debian
        6.1.55-1 (2023-09-29)","hostname":"blackbox"}'
      Accept-Encoding:
      - gzip;q=1.0,deflate;q=0.6,identity;q=0.3
      Accept:
      - "*/*"
  response:
    status:
      code: 200
      message: OK
    headers:
      Server:
      - nginx
      Date:
      - Mon, 18 Dec 2023 02:58:58 GMT
      Content-Type:
      - application/json
      Content-Length:
      - '1343'
      Connection:
      - keep-alive
      Access-Control-Allow-Credentials:
      - 'true'
      Access-Control-Allow-Methods:
      - GET,HEAD,PUT,PATCH,POST,DELETE
      Access-Control-Allow-Origin:
      - "*"
      Access-Control-Expose-Headers:
      - Request-Id, Stripe-Manage-Version, Stripe-Should-Retry, X-Stripe-External-Auth-Required,
        X-Stripe-Privileged-Session-Required
      Access-Control-Max-Age:
      - '300'
      Cache-Control:
      - no-cache, no-store
      Content-Security-Policy:
      - report-uri https://q.stripe.com/csp-report?p=v1%2Fpayment_intents; block-all-mixed-content;
        default-src 'none'; base-uri 'none'; form-action 'none'; frame-ancestors 'none';
        img-src 'self'; script-src 'self' 'report-sample'; style-src 'self'
      Idempotency-Key:
      - 4d9ee7ee-efca-40dc-926b-03be599f86ff
      Original-Request:
      - req_NSGakuKYRsrNwp
      Request-Id:
      - req_NSGakuKYRsrNwp
      Stripe-Should-Retry:
      - 'false'
      Stripe-Version:
      - '2023-10-16'
      Vary:
      - Origin
      X-Stripe-Routing-Context-Priority-Tier:
      - api-testmode
      Strict-Transport-Security:
      - max-age=63072000; includeSubDomains; preload
    body:
      encoding: UTF-8
      string: |-
        {
          "id": "pi_3OOX2kKuuB1fWySn2Sp7YcUk",
          "object": "payment_intent",
          "amount": 100,
          "amount_capturable": 0,
          "amount_details": {
            "tip": {}
          },
          "amount_received": 0,
          "application": null,
          "application_fee_amount": null,
          "automatic_payment_methods": null,
          "canceled_at": null,
          "cancellation_reason": null,
          "capture_method": "manual",
          "client_secret": "pi_3OOX2kKuuB1fWySn2Sp7YcUk_secret_13NS16QYPprzqfL6GjrprJa4K",
          "confirmation_method": "automatic",
          "created": 1702868338,
          "currency": "eur",
          "customer": null,
          "description": null,
          "invoice": null,
          "last_payment_error": null,
          "latest_charge": null,
          "livemode": false,
          "metadata": {},
          "next_action": null,
          "on_behalf_of": null,
          "payment_method": "pm_1OOX2kKuuB1fWySnfID3ZfKg",
          "payment_method_configuration_details": null,
          "payment_method_options": {
            "card": {
              "installments": null,
              "mandate_options": null,
              "network": null,
              "request_three_d_secure": "automatic"
            }
          },
          "payment_method_types": [
            "card"
          ],
          "processing": null,
          "receipt_email": null,
          "review": null,
          "setup_future_usage": null,
          "shipping": null,
          "source": null,
          "statement_descriptor": null,
          "statement_descriptor_suffix": null,
          "status": "requires_confirmation",
          "transfer_data": null,
          "transfer_group": null
        }
  recorded_at: Mon, 18 Dec 2023 02:58:58 GMT
- request:
    method: post
    uri: https://api.stripe.com/v1/payment_intents/pi_3OOX2kKuuB1fWySn2Sp7YcUk/confirm
    body:
      encoding: US-ASCII
      string: ''
    headers:
      User-Agent:
      - Stripe/v1 RubyBindings/10.3.0
      Authorization:
      - Bearer <HIDDEN_KEY>
      Content-Type:
      - application/x-www-form-urlencoded
      X-Stripe-Client-Telemetry:
      - '{"last_request_metrics":{"request_id":"req_NSGakuKYRsrNwp","request_duration_ms":467}}'
      Stripe-Version:
      - '2023-10-16'
      X-Stripe-Client-User-Agent:
      - '{"bindings_version":"10.3.0","lang":"ruby","lang_version":"3.1.4 p223 (2023-03-30)","platform":"x86_64-linux","engine":"ruby","publisher":"stripe","uname":"Linux
        version 6.1.0-13-amd64 (debian-kernel@lists.debian.org) (gcc-12 (Debian 12.2.0-14)
        12.2.0, GNU ld (GNU Binutils for Debian) 2.40) #1 SMP PREEMPT_DYNAMIC Debian
        6.1.55-1 (2023-09-29)","hostname":"blackbox"}'
      Accept-Encoding:
      - gzip;q=1.0,deflate;q=0.6,identity;q=0.3
      Accept:
      - "*/*"
  response:
    status:
      code: 200
      message: OK
    headers:
      Server:
      - nginx
      Date:
      - Mon, 18 Dec 2023 02:58:59 GMT
      Content-Type:
      - application/json
      Content-Length:
      - '1365'
      Connection:
      - keep-alive
      Access-Control-Allow-Credentials:
      - 'true'
      Access-Control-Allow-Methods:
      - GET,HEAD,PUT,PATCH,POST,DELETE
      Access-Control-Allow-Origin:
      - "*"
      Access-Control-Expose-Headers:
      - Request-Id, Stripe-Manage-Version, Stripe-Should-Retry, X-Stripe-External-Auth-Required,
        X-Stripe-Privileged-Session-Required
      Access-Control-Max-Age:
      - '300'
      Cache-Control:
      - no-cache, no-store
      Content-Security-Policy:
      - report-uri https://q.stripe.com/csp-report?p=v1%2Fpayment_intents%2F%3Aintent%2Fconfirm;
        block-all-mixed-content; default-src 'none'; base-uri 'none'; form-action
        'none'; frame-ancestors 'none'; img-src 'self'; script-src 'self' 'report-sample';
        style-src 'self'
      Idempotency-Key:
      - 033b6d21-973d-4088-8c13-fd14af7cb77b
      Original-Request:
      - req_Uc2Oi4k1gRVI0w
      Request-Id:
      - req_Uc2Oi4k1gRVI0w
      Stripe-Should-Retry:
      - 'false'
      Stripe-Version:
      - '2023-10-16'
      Vary:
      - Origin
      X-Stripe-Routing-Context-Priority-Tier:
      - api-testmode
      Strict-Transport-Security:
      - max-age=63072000; includeSubDomains; preload
    body:
      encoding: UTF-8
      string: |-
        {
          "id": "pi_3OOX2kKuuB1fWySn2Sp7YcUk",
          "object": "payment_intent",
          "amount": 100,
          "amount_capturable": 100,
          "amount_details": {
            "tip": {}
          },
          "amount_received": 0,
          "application": null,
          "application_fee_amount": null,
          "automatic_payment_methods": null,
          "canceled_at": null,
          "cancellation_reason": null,
          "capture_method": "manual",
          "client_secret": "pi_3OOX2kKuuB1fWySn2Sp7YcUk_secret_13NS16QYPprzqfL6GjrprJa4K",
          "confirmation_method": "automatic",
          "created": 1702868338,
          "currency": "eur",
          "customer": null,
          "description": null,
          "invoice": null,
          "last_payment_error": null,
          "latest_charge": "ch_3OOX2kKuuB1fWySn2e5Xy1Si",
          "livemode": false,
          "metadata": {},
          "next_action": null,
          "on_behalf_of": null,
          "payment_method": "pm_1OOX2kKuuB1fWySnfID3ZfKg",
          "payment_method_configuration_details": null,
          "payment_method_options": {
            "card": {
              "installments": null,
              "mandate_options": null,
              "network": null,
              "request_three_d_secure": "automatic"
            }
          },
          "payment_method_types": [
            "card"
          ],
          "processing": null,
          "receipt_email": null,
          "review": null,
          "setup_future_usage": null,
          "shipping": null,
          "source": null,
          "statement_descriptor": null,
          "statement_descriptor_suffix": null,
          "status": "requires_capture",
          "transfer_data": null,
          "transfer_group": null
        }
  recorded_at: Mon, 18 Dec 2023 02:58:59 GMT
recorded_with: VCR 6.2.0
